
Steps:

My strategy has always been to work with the OSI model from bottom to top on communication issues.

1. Was able to get logged into the server.
2. Verify IP ifconfig
3. Look at ARP table
4. Ping Gateway
5. Looked at eth0 config.  One theory is that this is a DHCP IP and not static so the address
   changes thus clients can't get into the system anymore.
6. Traceroute
7. Curl to local host see if anything is on 80 or 443
8. Looked at Netstat to see what ports are listening on the box.  Not seeing any application on 80 or 443.
9. Top to verify processes
10. Looked at message log file to for any error messages.
11. I tried to start the httpd but may not be setup on this box or need to look more into AWS commands and see if there
    is some application services which need started.



Last login: Mon Mar  4 22:19:23 2019 from 69.58.118.170

       __|  __|_  )
       _|  (     /   Amazon Linux 2 AMI
      ___|\___|___|

https://aws.amazon.com/amazon-linux-2/
6 package(s) needed for security, out of 15 available
Run "sudo yum update" to apply all updates.

[ec2-user@ip-10-0-0-5 ~]$ ifconfig
eth0: flags=4163<UP,BROADCAST,RUNNING,MULTICAST>  mtu 9001
        inet 10.0.0.5  netmask 255.255.255.0  broadcast 10.0.0.255
        inet6 fe80::7b:c1ff:fe6e:4e50  prefixlen 64  scopeid 0x20<link>
        ether 02:7b:c1:6e:4e:50  txqueuelen 1000  (Ethernet)
        RX packets 41524  bytes 45304905 (43.2 MiB)
        RX errors 0  dropped 0  overruns 0  frame 0
        TX packets 23588  bytes 2261125 (2.1 MiB)
        TX errors 0  dropped 0 overruns 0  carrier 0  collisions 0

lo: flags=73<UP,LOOPBACK,RUNNING>  mtu 65536
        inet 127.0.0.1  netmask 255.0.0.0
        inet6 ::1  prefixlen 128  scopeid 0x10<host>
        loop  txqueuelen 1000  (Local Loopback)
        RX packets 8  bytes 648 (648.0 B)
        RX errors 0  dropped 0  overruns 0  frame 0
        TX packets 8  bytes 648 (648.0 B)
        TX errors 0  dropped 0 overruns 0  carrier 0  collisions 0


[ec2-user@ip-10-0-0-5 ~]$ arp -a
? (10.0.0.99) at 02:0a:7a:ef:fd:e6 [ether] on eth0
? (169.254.169.254) at 02:37:47:7f:73:0e [ether] on eth0
gateway (10.0.0.1) at 02:37:47:7f:73:0e [ether] on eth0
? (10.0.0.200) at 02:bf:96:db:87:28 [ether] on eth0
[ec2-user@ip-10-0-0-5 ~]$ ping 10.0.0.1
PING 10.0.0.1 (10.0.0.1) 56(84) bytes of data.
64 bytes from 10.0.0.1: icmp_seq=1 ttl=255 time=0.246 ms
64 bytes from 10.0.0.1: icmp_seq=2 ttl=255 time=0.342 ms
64 bytes from 10.0.0.1: icmp_seq=3 ttl=255 time=0.285 ms
64 bytes from 10.0.0.1: icmp_seq=4 ttl=255 time=0.259 ms
64 bytes from 10.0.0.1: icmp_seq=5 ttl=255 time=0.261 ms
64 bytes from 10.0.0.1: icmp_seq=6 ttl=255 time=0.320 ms
64 bytes from 10.0.0.1: icmp_seq=7 ttl=255 time=0.289 ms
64 bytes from 10.0.0.1: icmp_seq=8 ttl=255 time=0.376 ms
^C
--- 10.0.0.1 ping statistics ---
8 packets transmitted, 8 received, 0% packet loss, time 7167ms
rtt min/avg/max/mdev = 0.246/0.297/0.376/0.044 ms


[ec2-user@ip-10-0-0-5 network-scripts]$ cat ifcfg-eth0
DEVICE=eth0
BOOTPROTO=dhcp
ONBOOT=yes
TYPE=Ethernet
USERCTL=yes
PEERDNS=yes
DHCPV6C=yes
DHCPV6C_OPTIONS=-nw
PERSISTENT_DHCLIENT=yes
RES_OPTIONS="timeout:2 attempts:5"
DHCP_ARP_CHECK=no


[ec2-user@ip-10-0-0-5 ~]$ traceroute 10.0.0.1
traceroute to 10.0.0.1 (10.0.0.1), 30 hops max, 60 byte packets
 1  * * *
 2  * * *
 3  * * *
 4  * * *
 5  * * *
 6  * * *
 7  * * *
 8  * * *
 9  * * *
10  * * *
11  * * *
12  * * *
13  * * *
14  * * *
15  * * *
16  * * *
17  * * *
18  * * *
19  * * *
20  * * *
21  * * *
22  *^C

[ec2-user@ip-10-0-0-5 ~]$ curl http://127.0.0.1
curl: (7) Failed to connect to 127.0.0.1 port 80: Connection refused

[ec2-user@ip-10-0-0-5 ~]$ curl https://127.0.0.1
curl: (7) Failed to connect to 127.0.0.1 port 443: Connection refused

[ec2-user@ip-10-0-0-5 ~]$ netstat -plnt
(No info could be read for "-p": geteuid()=1000 but you should be root.)
Active Internet connections (only servers)
Proto Recv-Q Send-Q Local Address           Foreign Address         State       PID/Program name
tcp        0      0 0.0.0.0:111             0.0.0.0:*               LISTEN      -
tcp        0      0 0.0.0.0:22              0.0.0.0:*               LISTEN      -
tcp        0      0 127.0.0.1:25            0.0.0.0:*               LISTEN      -
tcp6       0      0 :::111                  :::*                    LISTEN      -
tcp6       0      0 :::22                   :::*                    LISTEN      -




[ec2-user@ip-10-0-0-5 ~]$ netstat -a
Active Internet connections (servers and established)
Proto Recv-Q Send-Q Local Address           Foreign Address         State      
tcp        0      0 0.0.0.0:sunrpc          0.0.0.0:*               LISTEN     
tcp        0      0 0.0.0.0:ssh             0.0.0.0:*               LISTEN     
tcp        0      0 localhost:smtp          0.0.0.0:*               LISTEN     
tcp        0    284 ip-10-0-0-5.testroo:ssh 199.253.245.21:10400    ESTABLISHED
tcp6       0      0 [::]:sunrpc             [::]:*                  LISTEN     
tcp6       0      0 [::]:ssh                [::]:*                  LISTEN     
udp        0      0 0.0.0.0:sunrpc          0.0.0.0:*                          
udp        0      0 localhost:323           0.0.0.0:*                          
udp        0      0 0.0.0.0:netviewdm1      0.0.0.0:*                          
udp        0      0 0.0.0.0:bootpc          0.0.0.0:*                          
udp6       0      0 [::]:sunrpc             [::]:*                             
udp6       0      0 localhost6:323          [::]:*                             
udp6       0      0 ip-10-0-0:dhcpv6-client [::]:*                             
udp6       0      0 [::]:netviewdm1         [::]:*                             
Active UNIX domain sockets (servers and established)
Proto RefCnt Flags       Type       State         I-Node   Path
unix  2      [ ACC ]     STREAM     LISTENING     14335    /run/lvm/lvmetad.socket
unix  2      [ ]         DGRAM                    16643    /var/run/chrony/chronyd.sock
unix  2      [ ACC ]     STREAM     LISTENING     17167    /var/run/lsm/ipc/sim
unix  2      [ ACC ]     STREAM     LISTENING     17171    /var/run/lsm/ipc/simc
unix  2      [ ACC ]     STREAM     LISTENING     16402    /run/dbus/system_bus_socket
unix  2      [ ACC ]     STREAM     LISTENING     16405    /var/run/rpcbind.sock
unix  2      [ ACC ]     STREAM     LISTENING     18726    public/pickup
unix  2      [ ACC ]     STREAM     LISTENING     18730    public/cleanup
unix  2      [ ACC ]     STREAM     LISTENING     18733    public/qmgr
unix  2      [ ACC ]     STREAM     LISTENING     18755    public/flush
unix  2      [ ACC ]     STREAM     LISTENING     18770    public/showq
unix  2      [ ACC ]     STREAM     LISTENING     17222    /run/gssproxy.sock
unix  3      [ ]         DGRAM                    9053     /run/systemd/notify
unix  2      [ ]         DGRAM                    9055     /run/systemd/cgroups-agent
unix  2      [ ACC ]     STREAM     LISTENING     9063     /run/systemd/journal/stdout
unix  5      [ ]         DGRAM                    9066     /run/systemd/journal/socket
unix  14     [ ]         DGRAM                    9068     /dev/log
unix  2      [ ACC ]     STREAM     LISTENING     17221    /var/lib/gssproxy/default.sock
unix  2      [ ACC ]     STREAM     LISTENING     18737    private/tlsmgr
unix  2      [ ACC ]     STREAM     LISTENING     18740    private/rewrite
unix  2      [ ACC ]     STREAM     LISTENING     18743    private/bounce
unix  2      [ ACC ]     STREAM     LISTENING     18746    private/defer
unix  2      [ ACC ]     STREAM     LISTENING     18749    private/trace
unix  2      [ ACC ]     STREAM     LISTENING     18752    private/verify
unix  2      [ ACC ]     STREAM     LISTENING     18758    private/proxymap
unix  2      [ ACC ]     STREAM     LISTENING     18761    private/proxywrite
unix  2      [ ACC ]     STREAM     LISTENING     18764    private/smtp
unix  2      [ ACC ]     STREAM     LISTENING     18767    private/relay
unix  2      [ ACC ]     STREAM     LISTENING     18773    private/error
unix  2      [ ACC ]     STREAM     LISTENING     18776    private/retry
unix  2      [ ACC ]     STREAM     LISTENING     18779    private/discard
unix  2      [ ACC ]     STREAM     LISTENING     18782    private/local
unix  2      [ ACC ]     STREAM     LISTENING     18785    private/virtual
unix  2      [ ACC ]     STREAM     LISTENING     18788    private/lmtp
unix  2      [ ACC ]     STREAM     LISTENING     18791    private/anvil
unix  2      [ ACC ]     STREAM     LISTENING     20921    /run/systemd/private
unix  2      [ ACC ]     STREAM     LISTENING     18794    private/scache
unix  2      [ ACC ]     SEQPACKET  LISTENING     20931    /run/udev/control
unix  2      [ ACC ]     STREAM     LISTENING     14270    /run/lvm/lvmpolld.socket
unix  2      [ ]         DGRAM                    14323    /run/systemd/shutdownd
unix  3      [ ]         STREAM     CONNECTED     18735    
unix  3      [ ]         STREAM     CONNECTED     17040    /run/systemd/journal/stdout
unix  3      [ ]         STREAM     CONNECTED     18789    
unix  3      [ ]         STREAM     CONNECTED     18756    
unix  3      [ ]         STREAM     CONNECTED     17039    
unix  3      [ ]         STREAM     CONNECTED     18734    
unix  3      [ ]         STREAM     CONNECTED     18757    
unix  3      [ ]         STREAM     CONNECTED     18754    
unix  3      [ ]         STREAM     CONNECTED     18787    
unix  3      [ ]         STREAM     CONNECTED     19505    /run/systemd/journal/stdout
unix  3      [ ]         STREAM     CONNECTED     14961    /run/systemd/journal/stdout
unix  3      [ ]         STREAM     CONNECTED     18759    
unix  3      [ ]         STREAM     CONNECTED     18786    
unix  3      [ ]         STREAM     CONNECTED     18760    
unix  3      [ ]         STREAM     CONNECTED     18741    
unix  3      [ ]         STREAM     CONNECTED     17138    /run/dbus/system_bus_socket
unix  3      [ ]         STREAM     CONNECTED     18742    
unix  3      [ ]         STREAM     CONNECTED     18762    
unix  3      [ ]         STREAM     CONNECTED     18784    
unix  3      [ ]         STREAM     CONNECTED     16510    /run/systemd/journal/stdout
unix  3      [ ]         STREAM     CONNECTED     18763    
unix  3      [ ]         STREAM     CONNECTED     16509    
unix  2      [ ]         DGRAM                    17785    
unix  3      [ ]         STREAM     CONNECTED     18796    
unix  3      [ ]         STREAM     CONNECTED     18753    
unix  3      [ ]         STREAM     CONNECTED     18765    
unix  3      [ ]         STREAM     CONNECTED     18795    
unix  3      [ ]         STREAM     CONNECTED     18748    
unix  2      [ ]         DGRAM                    19928    
unix  3      [ ]         STREAM     CONNECTED     18766    
unix  3      [ ]         STREAM     CONNECTED     16651    
unix  3      [ ]         STREAM     CONNECTED     18793    
unix  3      [ ]         STREAM     CONNECTED     18768    
unix  3      [ ]         STREAM     CONNECTED     18739    
unix  2      [ ]         DGRAM                    17130    
unix  3      [ ]         STREAM     CONNECTED     18792    
unix  3      [ ]         STREAM     CONNECTED     18731    
unix  3      [ ]         STREAM     CONNECTED     18769    
unix  3      [ ]         STREAM     CONNECTED     18790    
unix  3      [ ]         STREAM     CONNECTED     18751    
unix  3      [ ]         STREAM     CONNECTED     18732    
unix  3      [ ]         STREAM     CONNECTED     19922    /run/systemd/journal/stdout
unix  3      [ ]         STREAM     CONNECTED     18771    
unix  3      [ ]         STREAM     CONNECTED     18728    
unix  3      [ ]         STREAM     CONNECTED     14881    
unix  3      [ ]         STREAM     CONNECTED     19921    
unix  3      [ ]         STREAM     CONNECTED     18772    
unix  3      [ ]         STREAM     CONNECTED     16866    /run/systemd/journal/stdout
unix  3      [ ]         STREAM     CONNECTED     18745    
unix  2      [ ]         DGRAM                    21163    
unix  3      [ ]         STREAM     CONNECTED     18744    
unix  3      [ ]         STREAM     CONNECTED     20410    /run/systemd/journal/stdout
unix  2      [ ]         DGRAM                    18813    
unix  2      [ ]         DGRAM                    16627    
unix  2      [ ]         DGRAM                    14271    
unix  3      [ ]         STREAM     CONNECTED     19504    
unix  3      [ ]         STREAM     CONNECTED     18774    
unix  3      [ ]         STREAM     CONNECTED     18775    
unix  3      [ ]         STREAM     CONNECTED     16925    /run/systemd/journal/stdout
unix  3      [ ]         STREAM     CONNECTED     16247    
unix  3      [ ]         STREAM     CONNECTED     16924    
unix  3      [ ]         STREAM     CONNECTED     16650    
unix  3      [ ]         STREAM     CONNECTED     20409    
unix  3      [ ]         STREAM     CONNECTED     18750    
unix  3      [ ]         STREAM     CONNECTED     18777    
unix  3      [ ]         STREAM     CONNECTED     18778    
unix  2      [ ]         DGRAM                    19050    
unix  3      [ ]         STREAM     CONNECTED     18780    
unix  3      [ ]         STREAM     CONNECTED     18747    
unix  2      [ ]         DGRAM                    16238    
unix  3      [ ]         STREAM     CONNECTED     18781    
unix  3      [ ]         STREAM     CONNECTED     18738    
unix  3      [ ]         STREAM     CONNECTED     17137    
unix  2      [ ]         DGRAM                    19779    
unix  3      [ ]         STREAM     CONNECTED     18783    
unix  3      [ ]         STREAM     CONNECTED     18725    
unix  3      [ ]         STREAM     CONNECTED     20919    
unix  3      [ ]         STREAM     CONNECTED     16812    
unix  2      [ ]         DGRAM                    18695    
unix  3      [ ]         STREAM     CONNECTED     18727    
unix  3      [ ]         STREAM     CONNECTED     20920    /run/dbus/system_bus_socket
unix  3      [ ]         STREAM     CONNECTED     16813    /run/systemd/journal/stdout
unix  3      [ ]         STREAM     CONNECTED     18724    
unix  2      [ ]         DGRAM                    17606    
unix  3      [ ]         STREAM     CONNECTED     112090   
unix  3      [ ]         STREAM     CONNECTED     16248    
unix  2      [ ]         DGRAM                    112084   
unix  2      [ ]         DGRAM                    17217    
unix  3      [ ]         DGRAM                    21021    
unix  3      [ ]         STREAM     CONNECTED     17220    
unix  2      [ ]         DGRAM                    20997    
unix  3      [ ]         STREAM     CONNECTED     20993    
unix  3      [ ]         DGRAM                    21020    
unix  3      [ ]         STREAM     CONNECTED     112089   
unix  3      [ ]         STREAM     CONNECTED     16865    
unix  2      [ ]         DGRAM                    111120   
unix  3      [ ]         STREAM     CONNECTED     20994    /run/systemd/journal/stdout
unix  3      [ ]         STREAM     CONNECTED     16808    
unix  3      [ ]         STREAM     CONNECTED     17219    
unix  3      [ ]         STREAM     CONNECTED     16809    /run/systemd/journal/stdout

[ec2-user@ip-10-0-0-5 ~]$ top
top - 11:43:19 up 1 day, 13:34,  1 user,  load average: 0.00, 0.00, 0.00
Tasks:  81 total,   1 running,  45 sleeping,   0 stopped,   0 zombie
%Cpu(s):  0.0 us,  0.0 sy,  0.0 ni,100.0 id,  0.0 wa,  0.0 hi,  0.0 si,  0.0 st
KiB Mem :  2041580 total,  1552056 free,    59960 used,   429564 buff/cache
KiB Swap:        0 total,        0 free,        0 used.  1808848 avail Mem 

  PID USER      PR  NI    VIRT    RES    SHR S %CPU %MEM     TIME+ COMMAND                                
    1 root      20   0  125576   5548   4104 S  0.0  0.3   0:03.94 systemd                                
    2 root      20   0       0      0      0 S  0.0  0.0   0:00.01 kthreadd                               
    4 root       0 -20       0      0      0 I  0.0  0.0   0:00.00 kworker/0:0H                           
    6 root       0 -20       0      0      0 I  0.0  0.0   0:00.00 mm_percpu_wq                           
    7 root      20   0       0      0      0 S  0.0  0.0   0:00.29 ksoftirqd/0                            
    8 root      20   0       0      0      0 I  0.0  0.0   0:00.49 rcu_sched                              
    9 root      20   0       0      0      0 I  0.0  0.0   0:00.00 rcu_bh                                 
   10 root      rt   0       0      0      0 S  0.0  0.0   0:00.00 migration/0                            
   11 root      rt   0       0      0      0 S  0.0  0.0   0:00.39 watchdog/0                             
   12 root      20   0       0      0      0 S  0.0  0.0   0:00.00 cpuhp/0                                
   13 root      20   0       0      0      0 S  0.0  0.0   0:00.00 kdevtmpfs                              
   14 root       0 -20       0      0      0 I  0.0  0.0   0:00.00 netns                                  
   20 root      20   0       0      0      0 S  0.0  0.0   0:00.00 xenbus                                 
   21 root      20   0       0      0      0 S  0.0  0.0   0:00.01 xenwatch                               
  170 root      20   0       0      0      0 S  0.0  0.0   0:00.03 khungtaskd                             
  171 root      20   0       0      0      0 S  0.0  0.0   0:00.00 oom_reaper                             
  172 root       0 -20       0      0      0 I  0.0  0.0   0:00.00 writeback                              
  174 root      20   0       0      0      0 S  0.0  0.0   0:00.00 kcompactd0                             
  175 root      25   5       0      0      0 S  0.0  0.0   0:00.00 ksmd                                   
  176 root      39  19       0      0      0 S  0.0  0.0   0:00.00 khugepaged                             
  177 root       0 -20       0      0      0 I  0.0  0.0   0:00.00 crypto                                 
  178 root       0 -20       0      0      0 I  0.0  0.0   0:00.00 kintegrityd                            
  180 root       0 -20       0      0      0 I  0.0  0.0   0:00.00 kblockd                                
  528 root       0 -20       0      0      0 I  0.0  0.0   0:00.00 md                                     
  536 root       0 -20       0      0      0 I  0.0  0.0   0:00.00 edac-poller                            
  665 root      20   0       0      0      0 S  0.0  0.0   0:00.07 kauditd                                
  671 root      20   0       0      0      0 S  0.0  0.0   0:00.00 kswapd0                                
  803 root       0 -20       0      0      0 I  0.0  0.0   0:00.00 kthrotld                               
  853 root       0 -20       0      0      0 I  0.0  0.0   0:00.00 kstrp                                  
  881 root       0 -20       0      0      0 I  0.0  0.0   0:00.00 ipv6_addrconf                          


[ec2-user@ip-10-0-0-5 ~]$ service httpd
The service command supports only basic LSB actions (start, stop, restart, try-restart, reload, force-reload, status). For other actions, please try to use systemctl.

[ec2-user@ip-10-0-0-5 ~]$ service start httpd
The service command supports only basic LSB actions (start, stop, restart, try-restart, reload, force-reload, status). For other actions, please try to use systemctl.

[ec2-user@ip-10-0-0-5 ~]$ sudo service httpd status
Redirecting to /bin/systemctl status httpd.service
Unit httpd.service could not be found.



[ec2-user@ip-10-0-0-5 ~]$ uname -a
Linux ip-10-0-0-5.testroot.local 4.14.88-88.76.amzn2.x86_64 #1 SMP Mon Jan 7 18:43:26 UTC 2019 x86_64 x86_64 x86_64 GNU/Linux


[ec2-user@ip-10-0-0-5 ~]$ systemctl
UNIT                                     LOAD   ACTIVE SUB       DESCRIPTION
proc-sys-fs-binfmt_misc.automount        loaded active waiting   Arbitrary Executable File Formats File Sy
sys-devices-platform-serial8250-tty-ttyS1.device loaded active plugged   /sys/devices/platform/serial8250/
sys-devices-platform-serial8250-tty-ttyS2.device loaded active plugged   /sys/devices/platform/serial8250/
sys-devices-platform-serial8250-tty-ttyS3.device loaded active plugged   /sys/devices/platform/serial8250/
sys-devices-pnp0-00:06-tty-ttyS0.device  loaded active plugged   /sys/devices/pnp0/00:06/tty/ttyS0
sys-devices-vbd\x2d51712-block-xvda-xvda1.device loaded active plugged   /sys/devices/vbd-51712/block/xvda
sys-devices-vbd\x2d51712-block-xvda.device loaded active plugged   /sys/devices/vbd-51712/block/xvda
sys-devices-vif\x2d0-net-eth0.device     loaded active plugged   /sys/devices/vif-0/net/eth0
sys-subsystem-net-devices-eth0.device    loaded active plugged   /sys/subsystem/net/devices/eth0
-.mount                                  loaded active mounted   /
dev-hugepages.mount                      loaded active mounted   Huge Pages File System
dev-mqueue.mount                         loaded active mounted   POSIX Message Queue File System
run-user-1000.mount                      loaded active mounted   /run/user/1000
sys-kernel-debug.mount                   loaded active mounted   Debug File System
var-lib-nfs-rpc_pipefs.mount             loaded active mounted   RPC Pipe File System
brandbot.path                            loaded active waiting   Flexible branding
systemd-ask-password-plymouth.path       loaded active waiting   Forward Password Requests to Plymouth Dir
systemd-ask-password-wall.path           loaded active waiting   Forward Password Requests to Wall Directo
session-269.scope                        loaded active running   Session 269 of user ec2-user
amazon-ssm-agent.service                 loaded active running   amazon-ssm-agent
atd.service                              loaded active running   Job spooling tools
auditd.service                           loaded active running   Security Auditing Service
chronyd.service                          loaded active running   NTP client/server
cloud-config.service                     loaded active exited    Apply the settings specified in cloud-con
cloud-final.service                      loaded active exited    Execute cloud user/final scripts
cloud-init-local.service                 loaded active exited    Initial cloud-init job (pre-networking)
cloud-init.service                       loaded active exited    Initial cloud-init job (metadata service 
crond.service                            loaded active running   Command Scheduler
dbus.service                             loaded active running   D-Bus System Message Bus
getty@tty1.service                       loaded active running   Getty on tty1
gssproxy.service                         loaded active running   GSSAPI Proxy Daemon
kmod-static-nodes.service                loaded active exited    Create list of required static device nod
libstoragemgmt.service                   loaded active running   libstoragemgmt plug-in server daemon
lvm2-lvmetad.service                     loaded active running   LVM2 metadata daemon
lvm2-monitor.service                     loaded active exited    Monitoring of LVM2 mirrors, snapshots etc
network.service                          loaded active running   LSB: Bring up/down networking
postfix.service                          loaded active running   Postfix Mail Transport Agent
rhel-autorelabel-mark.service            loaded active exited    Mark the need to relabel after reboot
rhel-dmesg.service                       loaded active exited    Dump dmesg to /var/log/dmesg
rhel-readonly.service                    loaded active exited    Configure read-only root support
rngd.service                             loaded active running   Hardware RNG Entropy Gatherer Daemon
rpcbind.service                          loaded active running   RPC bind service
rsyslog.service                          loaded active running   System Logging Service
serial-getty@ttyS0.service               loaded active running   Serial Getty on ttyS0
sshd.service                             loaded active running   OpenSSH server daemon
sysstat.service                          loaded active exited    Resets System Activity Logs
systemd-fsck-root.service                loaded active exited    File System Check on Root Device
systemd-hwdb-update.service              loaded active exited    Rebuild Hardware Database
systemd-journal-catalog-update.service   loaded active exited    Rebuild Journal Catalog
systemd-journal-flush.service            loaded active exited    Flush Journal to Persistent Storage
systemd-journald.service                 loaded active running   Journal Service
systemd-logind.service                   loaded active running   Login Service
systemd-modules-load.service             loaded active exited    Load Kernel Modules
systemd-random-seed.service              loaded active exited    Load/Save Random Seed
systemd-remount-fs.service               loaded active exited    Remount Root and Kernel File Systems
systemd-sysctl.service                   loaded active exited    Apply Kernel Variables
systemd-tmpfiles-setup-dev.service       loaded active exited    Create Static Device Nodes in /dev
systemd-tmpfiles-setup.service           loaded active exited    Create Volatile Files and Directories
systemd-udev-settle.service              loaded active exited    udev Wait for Complete Device Initializat
systemd-udev-trigger.service             loaded active exited    udev Coldplug all Devices
systemd-udevd.service                    loaded active running   udev Kernel Device Manager
systemd-update-done.service              loaded active exited    Update is Completed
systemd-update-utmp.service              loaded active exited    Update UTMP about System Boot/Shutdown
systemd-user-sessions.service            loaded active exited    Permit User Sessions
systemd-vconsole-setup.service           loaded active exited    Setup Virtual Console
update-motd.service                      loaded active exited    Dynamically Generate Message Of The Day
-.slice                                  loaded active active    Root Slice
system-ec2net\x2difup.slice              loaded active active    system-ec2net\x2difup.slice
system-getty.slice                       loaded active active    system-getty.slice
system-selinux\x2dpolicy\x2dmigrate\x2dlocal\x2dchanges.slice loaded active active    system-selinux\x2dpo
system-serial\x2dgetty.slice             loaded active active    system-serial\x2dgetty.slice
system.slice                             loaded active active    System Slice
user-1000.slice                          loaded active active    User Slice of ec2-user
user.slice                               loaded active active    User and Session Slice
dbus.socket                              loaded active running   D-Bus System Message Bus Socket
dm-event.socket                          loaded active listening Device-mapper event daemon FIFOs
lvm2-lvmetad.socket                      loaded active running   LVM2 metadata daemon socket
lvm2-lvmpolld.socket                     loaded active listening LVM2 poll daemon socket
rpcbind.socket                           loaded active running   RPCbind Server Activation Socket
systemd-initctl.socket                   loaded active listening /dev/initctl Compatibility Named Pipe
systemd-journald.socket                  loaded active running   Journal Socket
systemd-shutdownd.socket                 loaded active listening Delayed Shutdown Socket
systemd-udevd-control.socket             loaded active running   udev Control Socket
systemd-udevd-kernel.socket              loaded active running   udev Kernel Socket
basic.target                             loaded active active    Basic System
cloud-config.target                      loaded active active    Cloud-config availability
cloud-init.target                        loaded active active    Cloud-init target
cryptsetup.target                        loaded active active    Local Encrypted Volumes
getty.target                             loaded active active    Login Prompts
graphical.target                         loaded active active    Graphical Interface
local-fs-pre.target                      loaded active active    Local File Systems (Pre)
local-fs.target                          loaded active active    Local File Systems
multi-user.target                        loaded active active    Multi-User System
network-online.target                    loaded active active    Network is Online
network-pre.target                       loaded active active    Network (Pre)
network.target                           loaded active active    Network
nfs-client.target                        loaded active active    NFS client services
paths.target                             loaded active active    Paths
remote-fs-pre.target                     loaded active active    Remote File Systems (Pre)
remote-fs.target                         loaded active active    Remote File Systems
rpc_pipefs.target                        loaded active active    rpc_pipefs.target
slices.target                            loaded active active    Slices
sockets.target                           loaded active active    Sockets
swap.target                              loaded active active    Swap
sysinit.target                           loaded active active    System Initialization
timers.target                            loaded active active    Timers
systemd-tmpfiles-clean.timer             loaded active waiting   Daily Cleanup of Temporary Directories

LOAD   = Reflects whether the unit definition was properly loaded.
ACTIVE = The high-level unit activation state, i.e. generalization of SUB.
SUB    = The low-level unit activation state, values depend on unit type.

107 loaded units listed. Pass --all to see loaded but inactive units, too.
To show all installed unit files use 'systemctl list-unit-files'.
[ec2-user@ip-10-0-0-5 ~]$ apacectl
-bash: apacectl: command not found
[ec2-user@ip-10-0-0-5 ~]$ apachectl
-bash: apachectl: command not found
[ec2-user@ip-10-0-0-5 ~]$ ps
  PID TTY          TIME CMD
 6435 pts/0    00:00:00 bash
 6659 pts/0    00:00:00 ps
[ec2-user@ip-10-0-0-5 ~]$ ps ?
error: garbage option

Usage:
 ps [options]

 Try 'ps --help <simple|list|output|threads|misc|all>'
  or 'ps --help <s|l|o|t|m|a>'
 for additional help text.

For more details see ps(1).
[ec2-user@ip-10-0-0-5 ~]$ ps all
F   UID   PID  PPID PRI  NI    VSZ   RSS WCHAN  STAT TTY        TIME COMMAND
4     0  3257     1  20   0 121336  1852 -      Ss+  tty1       0:00 /sbin/agetty --noclear tty1 linux
4     0  3258     1  20   0  10584  1904 -      Ss+  ttyS0      0:00 /sbin/agetty --keep-baud 115200,38400
0  1000  6435  6434  20   0 124904  4340 -      Ss   pts/0      0:00 -bash
0  1000  6661  6435  20   0 160236  2204 -      R+   pts/0      0:00 ps all
[



[ec2-user@ip-10-0-0-5 ~]$ netstat -rpa
Kernel IP routing table
Destination     Gateway         Genmask         Flags   MSS Window  irtt Iface
default         gateway         0.0.0.0         UG        0 0          0 eth0
10.0.0.0        0.0.0.0         255.255.255.0   U         0 0          0 eth0
169.254.169.254 0.0.0.0         255.255.255.255 UH        0 0          0 eth0


[ec2-user@ip-10-0-0-5 ~]$ netstat -plnt
(No info could be read for "-p": geteuid()=1000 but you should be root.)
Active Internet connections (only servers)
Proto Recv-Q Send-Q Local Address           Foreign Address         State       PID/Program name    
tcp        0      0 0.0.0.0:111             0.0.0.0:*               LISTEN      -                   
tcp        0      0 0.0.0.0:22              0.0.0.0:*               LISTEN      -                   
tcp        0      0 127.0.0.1:25            0.0.0.0:*               LISTEN      -                   
tcp6       0      0 :::111                  :::*                    LISTEN      -                   
tcp6       0      0 :::22                   :::*                    LISTEN      -                   


[ec2-user@ip-10-0-0-5 ~]$ netstat -rn
Kernel IP routing table
Destination     Gateway         Genmask         Flags   MSS Window  irtt Iface
0.0.0.0         10.0.0.1        0.0.0.0         UG        0 0          0 eth0
10.0.0.0        0.0.0.0         255.255.255.0   U         0 0          0 eth0
169.254.169.254 0.0.0.0         255.255.255.255 UH        0 0          0 eth0

[ec2-user@ip-10-0-0-5 ~]$ route -n
Kernel IP routing table
Destination     Gateway         Genmask         Flags Metric Ref    Use Iface
0.0.0.0         10.0.0.1        0.0.0.0         UG    0      0        0 eth0
10.0.0.0        0.0.0.0         255.255.255.0   U     0      0        0 eth0
169.254.169.254 0.0.0.0         255.255.255.255 UH    0      0        0 eth0

[ec2-user@ip-10-0-0-5 ~]$ arp -a
? (10.0.0.99) at 02:0a:7a:ef:fd:e6 [ether] on eth0
? (169.254.169.254) at 02:37:47:7f:73:0e [ether] on eth0
gateway (10.0.0.1) at 02:37:47:7f:73:0e [ether] on eth0
? (10.0.0.200) at 02:bf:96:db:87:28 [ether] on eth0


[ec2-user@ip-10-0-0-5 ~]$ ping 10.0.0.1
PING 10.0.0.1 (10.0.0.1) 56(84) bytes of data.
64 bytes from 10.0.0.1: icmp_seq=1 ttl=255 time=0.260 ms
64 bytes from 10.0.0.1: icmp_seq=2 ttl=255 time=0.373 ms
64 bytes from 10.0.0.1: icmp_seq=3 ttl=255 time=0.252 ms
^C
--- 10.0.0.1 ping statistics ---
3 packets transmitted, 3 received, 0% packet loss, time 2036ms
rtt min/avg/max/mdev = 0.252/0.295/0.373/0.055 ms

[ec2-user@ip-10-0-0-5 ~]$ ifconfig
eth0: flags=4163<UP,BROADCAST,RUNNING,MULTICAST>  mtu 9001
        inet 10.0.0.5  netmask 255.255.255.0  broadcast 10.0.0.255
        inet6 fe80::7b:c1ff:fe6e:4e50  prefixlen 64  scopeid 0x20<link>
        ether 02:7b:c1:6e:4e:50  txqueuelen 1000  (Ethernet)
        RX packets 81102  bytes 99629300 (95.0 MiB)
        RX errors 0  dropped 0  overruns 0  frame 0
        TX packets 39478  bytes 3423888 (3.2 MiB)
        TX errors 0  dropped 0 overruns 0  carrier 0  collisions 0

lo: flags=73<UP,LOOPBACK,RUNNING>  mtu 65536
        inet 127.0.0.1  netmask 255.0.0.0
        inet6 ::1  prefixlen 128  scopeid 0x10<host>
        loop  txqueuelen 1000  (Local Loopback)
        RX packets 12  bytes 848 (848.0 B)
        RX errors 0  dropped 0  overruns 0  frame 0
        TX packets 12  bytes 848 (848.0 B)
        TX errors 0  dropped 0 overruns 0  carrier 0  collisions 0



[ec2-user@ip-10-0-0-5 log]$ sudo more messages
Mar  4 22:08:31 ip-10-0-0-5 journal: Runtime journal is using 8.0M (max allowed 99.6M, trying to leave 149
.5M free of 988.8M available ‚Üí current limit 99.6M).
Mar  4 22:08:31 ip-10-0-0-5 kernel: Linux version 4.14.88-88.76.amzn2.x86_64 (mockbuild@ip-10-0-1-79) (gcc
 version 7.3.1 20180303 (Red Hat 7.3.1-5) (GCC)) #1 SMP Mon Jan 7 18:43:26 UTC 2019
Mar  4 22:08:31 ip-10-0-0-5 kernel: Command line: BOOT_IMAGE=/boot/vmlinuz-4.14.88-88.76.amzn2.x86_64 root
=UUID=802a38cf-9ac2-424a-8db2-ea5d6d41cb4b ro console=tty0 console=ttyS0,115200n8 net.ifnames=0 biosdevnam
e=0 nvme_core.io_timeout=4294967295
Mar  4 22:08:31 ip-10-0-0-5 kernel: x86/fpu: Supporting XSAVE feature 0x001: 'x87 floating point registers
'
Mar  4 22:08:31 ip-10-0-0-5 kernel: x86/fpu: Supporting XSAVE feature 0x002: 'SSE registers'
Mar  4 22:08:31 ip-10-0-0-5 kernel: x86/fpu: Supporting XSAVE feature 0x004: 'AVX registers'
Mar  4 22:08:31 ip-10-0-0-5 kernel: x86/fpu: xstate_offset[2]:  576, xstate_sizes[2]:  256
Mar  4 22:08:31 ip-10-0-0-5 kernel: x86/fpu: Enabled xstate features 0x7, context size is 832 bytes, using
 'standard' format.
Mar  4 22:08:31 ip-10-0-0-5 kernel: e820: BIOS-provided physical RAM map:
Mar  4 22:08:31 ip-10-0-0-5 kernel: BIOS-e820: [mem 0x0000000000000000-0x000000000009dfff] usable
Mar  4 22:08:31 ip-10-0-0-5 kernel: BIOS-e820: [mem 0x000000000009e000-0x000000000009ffff] reserved
Mar  4 22:08:31 ip-10-0-0-5 kernel: BIOS-e820: [mem 0x00000000000e0000-0x00000000000fffff] reserved
Mar  4 22:08:31 ip-10-0-0-5 kernel: BIOS-e820: [mem 0x0000000000100000-0x000000007fffffff] usable
Mar  4 22:08:31 ip-10-0-0-5 kernel: BIOS-e820: [mem 0x00000000fc000000-0x00000000ffffffff] reserved
Mar  4 22:08:31 ip-10-0-0-5 kernel: NX (Execute Disable) protection: active
Mar  4 22:08:31 ip-10-0-0-5 kernel: SMBIOS 2.7 present.
Mar  4 22:08:31 ip-10-0-0-5 kernel: DMI: Xen HVM domU, BIOS 4.2.amazon 08/24/2006
Mar  4 22:08:31 ip-10-0-0-5 kernel: Hypervisor detected: Xen HVM
Mar  4 22:08:31 ip-10-0-0-5 kernel: Xen version 4.2.
Mar  4 22:08:31 ip-10-0-0-5 kernel: Netfront and the Xen platform PCI driver have been compiled for this k
ernel: unplug emulated NICs.
Mar  4 22:08:31 ip-10-0-0-5 kernel: Blkfront and the Xen platform PCI driver have been compiled for this k
ernel: unplug emulated disks.#012You might have to change the root device#012from /dev/hd[a-d] to /dev/xvd
[a-d]#012in your root= kernel command line option
Mar  4 22:08:31 ip-10-0-0-5 kernel: tsc: Fast TSC calibration using PIT
Mar  4 22:08:31 ip-10-0-0-5 kernel: e820: last_pfn = 0x80000 max_arch_pfn = 0x400000000
Mar  4 22:08:31 ip-10-0-0-5 kernel: x86/PAT: Configuration [0-7]: WB  WC  UC- UC  WB  WP  UC- WT  
Mar  4 22:08:31 ip-10-0-0-5 kernel: found SMP MP-table at [mem 0x000fbc50-0x000fbc5f] mapped at [fffffffff
f240c50]
Mar  4 22:08:31 ip-10-0-0-5 kernel: Scanning 1 areas for low memory corruption
Mar  4 22:08:31 ip-10-0-0-5 kernel: RAMDISK: [mem 0x3446a000-0x3622cfff]
Mar  4 22:08:31 ip-10-0-0-5 kernel: ACPI: Early table checksum verification disabled
Mar  4 22:08:31 ip-10-0-0-5 kernel: ACPI: RSDP 0x00000000000EA020 000024 (v02 Xen   )
Mar  4 22:08:31 ip-10-0-0-5 kernel: ACPI: XSDT 0x00000000FC00E2A0 000054 (v01 Xen    HVM      00000000 HVM
L 00000000)
Mar  4 22:08:31 ip-10-0-0-5 kernel: ACPI: FACP 0x00000000FC00DF60 0000F4 (v04 Xen    HVM      00000000 HVM
L 00000000)
Mar  4 22:08:31 ip-10-0-0-5 kernel: ACPI: DSDT 0x00000000FC0021C0 00BD19 (v02 Xen    HVM      00000000 INT
L 20090123)
Mar  4 22:08:31 ip-10-0-0-5 kernel: ACPI: FACS 0x00000000FC002180 000040
Mar  4 22:08:31 ip-10-0-0-5 kernel: ACPI: FACS 0x00000000FC002180 000040
Mar  4 22:08:31 ip-10-0-0-5 kernel: ACPI: APIC 0x00000000FC00E060 0000D8 (v02 Xen    HVM      00000000 HVM
L 00000000)
Mar  4 22:08:31 ip-10-0-0-5 kernel: ACPI: HPET 0x00000000FC00E1B0 000038 (v01 Xen    HVM      00000000 HVM
L 00000000)
Mar  4 22:08:31 ip-10-0-0-5 kernel: ACPI: WAET 0x00000000FC00E1F0 000028 (v01 Xen    HVM      00000000 HVM
L 00000000)
Mar  4 22:08:31 ip-10-0-0-5 kernel: ACPI: SSDT 0x00000000FC00E220 000031 (v02 Xen    HVM      00000000 INT
L 20090123)
Mar  4 22:08:31 ip-10-0-0-5 kernel: ACPI: SSDT 0x00000000FC00E260 000031 (v02 Xen    HVM      00000000 INT
L 20090123)
Mar  4 22:08:31 ip-10-0-0-5 kernel: No NUMA configuration found
Mar  4 22:08:31 ip-10-0-0-5 kernel: Faking a node at [mem 0x0000000000000000-0x000000007fffffff]
Mar  4 22:08:31 ip-10-0-0-5 kernel: NODE_DATA(0) allocated [mem 0x7ffde000-0x7fffffff]
Mar  4 22:08:31 ip-10-0-0-5 kernel: Zone ranges:
Mar  4 22:08:31 ip-10-0-0-5 kernel:  DMA      [mem 0x0000000000001000-0x0000000000ffffff]
Mar  4 22:08:31 ip-10-0-0-5 kernel:  DMA32    [mem 0x0000000001000000-0x000000007fffffff]
Mar  4 22:08:31 ip-10-0-0-5 kernel:  Normal   empty
Mar  4 22:08:31 ip-10-0-0-5 kernel: Movable zone start for each node
Mar  4 22:08:31 ip-10-0-0-5 kernel: Early memory node ranges
Mar  4 22:08:31 ip-10-0-0-5 kernel:  node   0: [mem 0x0000000000001000-0x000000000009dfff]
Mar  4 22:08:31 ip-10-0-0-5 kernel:  node   0: [mem 0x0000000000100000-0x000000007fffffff]
Mar  4 22:08:31 ip-10-0-0-5 kernel: Initmem setup node 0 [mem 0x0000000000001000-0x000000007fffffff]
Mar  4 22:08:31 ip-10-0-0-5 kernel: ACPI: PM-Timer IO Port: 0xb008
Mar  4 22:08:31 ip-10-0-0-5 kernel: IOAPIC[0]: apic_id 1, version 17, address 0xfec00000, GSI 0-47
Mar  4 22:08:31 ip-10-0-0-5 kernel: ACPI: INT_SRC_OVR (bus 0 bus_irq 0 global_irq 2 dfl dfl)
Mar  4 22:08:31 ip-10-0-0-5 kernel: ACPI: INT_SRC_OVR (bus 0 bus_irq 5 global_irq 5 low level)
Mar  4 22:08:31 ip-10-0-0-5 kernel: ACPI: INT_SRC_OVR (bus 0 bus_irq 10 global_irq 10 low level)
Mar  4 22:08:31 ip-10-0-0-5 kernel: ACPI: INT_SRC_OVR (bus 0 bus_irq 11 global_irq 11 low level)
Mar  4 22:08:31 ip-10-0-0-5 kernel: Using ACPI (MADT) for SMP configuration information
Mar  4 22:08:31 ip-10-0-0-5 kernel: ACPI: HPET id: 0x8086a201 base: 0xfed00000
Mar  4 22:08:31 ip-10-0-0-5 kernel: smpboot: Allowing 15 CPUs, 14 hotplug CPUs
Mar  4 22:08:31 ip-10-0-0-5 kernel: PM: Registered nosave memory: [mem 0x00000000-0x00000fff]
Mar  4 22:08:31 ip-10-0-0-5 kernel: PM: Registered nosave memory: [mem 0x0009e000-0x0009ffff]
Mar  4 22:08:31 ip-10-0-0-5 kernel: PM: Registered nosave memory: [mem 0x000a0000-0x000dffff]
Mar  4 22:08:31 ip-10-0-0-5 kernel: PM: Registered nosave memory: [mem 0x000e0000-0x000fffff]
Mar  4 22:08:31 ip-10-0-0-5 kernel: e820: [mem 0x80000000-0xfbffffff] available for PCI devices
Mar  4 22:08:31 ip-10-0-0-5 kernel: Booting paravirtualized kernel on Xen HVM
Mar  4 22:08:31 ip-10-0-0-5 kernel: clocksource: refined-jiffies: mask: 0xffffffff max_cycles: 0xffffffff,
 max_idle_ns: 7645519600211568 ns
Mar  4 22:08:31 ip-10-0-0-5 kernel: random: get_random_bytes called from start_kernel+0x94/0x4ce with crng
_init=0
Mar  4 22:08:31 ip-10-0-0-5 kernel: setup_percpu: NR_CPUS:8192 nr_cpumask_bits:15 nr_cpu_ids:15 nr_node_id
s:1
Mar  4 22:08:31 ip-10-0-0-5 kernel: percpu: Embedded 44 pages/cpu @ffff88807d200000 s140120 r8192 d31912 u
262144
Mar  4 22:08:31 ip-10-0-0-5 kernel: PV qspinlock hash table entries: 256 (order: 0, 4096 bytes)
Mar  4 22:08:31 ip-10-0-0-5 kernel: Built 1 zonelists, mobility grouping on.  Total pages: 515976
Mar  4 22:08:31 ip-10-0-0-5 kernel: Policy zone: DMA32
Mar  4 22:08:31 ip-10-0-0-5 kernel: Kernel command line: BOOT_IMAGE=/boot/vmlinuz-4.14.88-88.76.amzn2.x86_
64 root=UUID=802a38cf-9ac2-424a-8db2-ea5d6d41cb4b ro console=tty0 console=ttyS0,115200n8 net.ifnames=0 bio
sdevname=0 nvme_core.io_timeout=4294967295
Mar  4 22:08:31 ip-10-0-0-5 kernel: PID hash table entries: 4096 (order: 3, 32768 bytes)
Mar  4 22:08:31 ip-10-0-0-5 kernel: Memory: 2005728K/2096756K available (8204K kernel code, 1941K rwdata, 
2812K rodata, 2076K init, 3888K bss, 91028K reserved, 0K cma-reserved)
Mar  4 22:08:31 ip-10-0-0-5 kernel: SLUB: HWalign=64, Order=0-3, MinObjects=0, CPUs=15, Nodes=1
Mar  4 22:08:31 ip-10-0-0-5 kernel: Kernel/User page tables isolation: enabled
Mar  4 22:08:31 ip-10-0-0-5 kernel: ftrace: allocating 26347 entries in 103 pages
Mar  4 22:08:31 ip-10-0-0-5 kernel: Hierarchical RCU implementation.
Mar  4 22:08:31 ip-10-0-0-5 kernel: #011RCU restricting CPUs from NR_CPUS=8192 to nr_cpu_ids=15.
Mar  4 22:08:31 ip-10-0-0-5 kernel: RCU: Adjusting geometry for rcu_fanout_leaf=16, nr_cpu_ids=15
Mar  4 22:08:31 ip-10-0-0-5 kernel: NR_IRQS: 524544, nr_irqs: 952, preallocated irqs: 16
Mar  4 22:08:31 ip-10-0-0-5 kernel: xen:events: Using 2-level ABI
Mar  4 22:08:31 ip-10-0-0-5 kernel: xen:events: Xen HVM callback vector for event delivery is enabled
Mar  4 22:08:31 ip-10-0-0-5 kernel: Console: colour VGA+ 80x25
Mar  4 22:08:31 ip-10-0-0-5 kernel: console [tty0] enabled
Mar  4 22:08:31 ip-10-0-0-5 kernel: Cannot get hvm parameter CONSOLE_EVTCHN (18): -22!
Mar  4 22:08:31 ip-10-0-0-5 kernel: console [ttyS0] enabled
Mar  4 22:08:31 ip-10-0-0-5 kernel: clocksource: hpet: mask: 0xffffffff max_cycles: 0xffffffff, max_idle_n
s: 30580167144 ns
Mar  4 22:08:31 ip-10-0-0-5 kernel: tsc: Fast TSC calibration using PIT
Mar  4 22:08:31 ip-10-0-0-5 kernel: tsc: Detected 2400.060 MHz processor
Mar  4 22:08:31 ip-10-0-0-5 kernel: Calibrating delay loop (skipped), value calculated using timer frequen
cy.. 4800.15 BogoMIPS (lpj=9600312)
Mar  4 22:08:31 ip-10-0-0-5 kernel: pid_max: default: 32768 minimum: 301
Mar  4 22:08:31 ip-10-0-0-5 kernel: ACPI: Core revision 20170728
Mar  4 22:08:31 ip-10-0-0-5 kernel: ACPI: 3 ACPI AML tables successfully acquired and loaded
Mar  4 22:08:31 ip-10-0-0-5 kernel: Security Framework initialized
Mar  4 22:08:31 ip-10-0-0-5 kernel: SELinux:  Initializing.
Mar  4 22:08:31 ip-10-0-0-5 kernel: Dentry cache hash table entries: 262144 (order: 9, 2097152 bytes)
Mar  4 22:08:31 ip-10-0-0-5 kernel: Inode-cache hash table entries: 131072 (order: 8, 1048576 bytes)
Mar  4 22:08:31 ip-10-0-0-5 kernel: Mount-cache hash table entries: 4096 (order: 3, 32768 bytes)
Mar  4 22:08:31 ip-10-0-0-5 kernel: Mountpoint-cache hash table entries: 4096 (order: 3, 32768 bytes)
Mar  4 22:08:31 ip-10-0-0-5 kernel: mce: CPU supports 2 MCE banks
Mar  4 22:08:31 ip-10-0-0-5 kernel: Last level iTLB entries: 4KB 1024, 2MB 1024, 4MB 1024
Mar  4 22:08:31 ip-10-0-0-5 kernel: Last level dTLB entries: 4KB 1024, 2MB 1024, 4MB 1024, 1GB 4
Mar  4 22:08:31 ip-10-0-0-5 kernel: Spectre V2 : Mitigation: Full generic retpoline
Mar  4 22:08:31 ip-10-0-0-5 kernel: Spectre V2 : Spectre v2 / SpectreRSB mitigation: Filling RSB on contex
t switch
Mar  4 22:08:31 ip-10-0-0-5 kernel: Speculative Store Bypass: Vulnerable
Mar  4 22:08:31 ip-10-0-0-5 kernel: smpboot: Max logical packages: 15
Mar  4 22:08:31 ip-10-0-0-5 kernel: x2apic: IRQ remapping doesn't support X2APIC mode
Mar  4 22:08:31 ip-10-0-0-5 kernel: Switched APIC routing to physical flat.
Mar  4 22:08:31 ip-10-0-0-5 kernel: ..TIMER: vector=0x30 apic1=0 pin1=2 apic2=0 pin2=0
Mar  4 22:08:31 ip-10-0-0-5 kernel: clocksource: xen: mask: 0xffffffffffffffff max_cycles: 0x1cd42e4dffb, 
max_idle_ns: 881590591483 ns
Mar  4 22:08:31 ip-10-0-0-5 kernel: installing Xen timer for CPU 0
Mar  4 22:08:31 ip-10-0-0-5 kernel: smpboot: CPU0: Intel(R) Xeon(R) CPU E5-2676 v3 @ 2.40GHz (family: 0x6,
 model: 0x3f, stepping: 0x2)
Mar  4 22:08:31 ip-10-0-0-5 kernel: cpu 0 spinlock event irq 53
Mar  4 22:08:31 ip-10-0-0-5 kernel: Performance Events: unsupported p6 CPU model 63 no PMU driver, softwar
e events only.
Mar  4 22:08:31 ip-10-0-0-5 kernel: Hierarchical SRCU implementation.
Mar  4 22:08:31 ip-10-0-0-5 kernel: NMI watchdog: Perf event create on CPU 0 failed with -2
Mar  4 22:08:31 ip-10-0-0-5 kernel: NMI watchdog: Perf NMI watchdog permanently disabled
Mar  4 22:08:31 ip-10-0-0-5 kernel: smp: Bringing up secondary CPUs ...
Mar  4 22:08:31 ip-10-0-0-5 kernel: smp: Brought up 1 node, 1 CPU
Mar  4 22:08:31 ip-10-0-0-5 kernel: smpboot: Total of 1 processors activated (4800.15 BogoMIPS)
Mar  4 22:08:31 ip-10-0-0-5 kernel: devtmpfs: initialized
Mar  4 22:08:31 ip-10-0-0-5 kernel: x86/mm: Memory block size: 128MB
Mar  4 22:08:31 ip-10-0-0-5 kernel: clocksource: jiffies: mask: 0xffffffff max_cycles: 0xffffffff, max_idl
e_ns: 7645041785100000 ns
Mar  4 22:08:31 ip-10-0-0-5 kernel: futex hash table entries: 4096 (order: 6, 262144 bytes)
Mar  4 22:08:31 ip-10-0-0-5 kernel: NET: Registered protocol family 16
Mar  4 22:08:31 ip-10-0-0-5 kernel: cpuidle: using governor ladder
Mar  4 22:08:31 ip-10-0-0-5 kernel: cpuidle: using governor menu
Mar  4 22:08:31 ip-10-0-0-5 kernel: ACPI: bus type PCI registered
Mar  4 22:08:31 ip-10-0-0-5 kernel: acpiphp: ACPI Hot Plug PCI Controller Driver version: 0.5
Mar  4 22:08:31 ip-10-0-0-5 kernel: PCI: Using configuration type 1 for base access
Mar  4 22:08:31 ip-10-0-0-5 kernel: HugeTLB registered 2.00 MiB page size, pre-allocated 0 pages
Mar  4 22:08:31 ip-10-0-0-5 kernel: ACPI: Added _OSI(Module Device)
Mar  4 22:08:31 ip-10-0-0-5 kernel: ACPI: Added _OSI(Processor Device)
Mar  4 22:08:31 ip-10-0-0-5 kernel: ACPI: Added _OSI(3.0 _SCP Extensions)
Mar  4 22:08:31 ip-10-0-0-5 kernel: ACPI: Added _OSI(Processor Aggregator Device)
Mar  4 22:08:31 ip-10-0-0-5 kernel: ACPI: Interpreter enabled
Mar  4 22:08:31 ip-10-0-0-5 kernel: ACPI: (supports S0 S4 S5)
Mar  4 22:08:31 ip-10-0-0-5 kernel: ACPI: Using IOAPIC for interrupt routing
Mar  4 22:08:31 ip-10-0-0-5 kernel: PCI: Using host bridge windows from ACPI; if necessary, use "pci=nocrs
" and report a bug
Mar  4 22:08:31 ip-10-0-0-5 kernel: ACPI: Enabled 2 GPEs in block 00 to 0F
Mar  4 22:08:31 ip-10-0-0-5 kernel: ACPI: PCI Root Bridge [PCI0] (domain 0000 [bus 00-ff])
Mar  4 22:08:31 ip-10-0-0-5 kernel: acpi PNP0A03:00: _OSC: OS supports [ASPM ClockPM Segments MSI]
Mar  4 22:08:31 ip-10-0-0-5 kernel: acpi PNP0A03:00: _OSC failed (AE_NOT_FOUND); disabling ASPM
Mar  4 22:08:31 ip-10-0-0-5 kernel: acpi PNP0A03:00: fail to add MMCONFIG information, can't access extend
ed PCI configuration space under this bridge.
Mar  4 22:08:31 ip-10-0-0-5 kernel: acpiphp: Slot [0] registered
Mar  4 22:08:31 ip-10-0-0-5 kernel: acpiphp: Slot [3] registered
Mar  4 22:08:31 ip-10-0-0-5 kernel: acpiphp: Slot [4] registered
Mar  4 22:08:31 ip-10-0-0-5 kernel: acpiphp: Slot [5] registered
Mar  4 22:08:31 ip-10-0-0-5 kernel: acpiphp: Slot [6] registered
Mar  4 22:08:31 ip-10-0-0-5 kernel: acpiphp: Slot [7] registered
Mar  4 22:08:31 ip-10-0-0-5 kernel: acpiphp: Slot [8] registered
Mar  4 22:08:31 ip-10-0-0-5 kernel: acpiphp: Slot [9] registered
Mar  4 22:08:31 ip-10-0-0-5 kernel: acpiphp: Slot [10] registered
Mar  4 22:08:31 ip-10-0-0-5 kernel: acpiphp: Slot [11] registered
Mar  4 22:08:31 ip-10-0-0-5 kernel: acpiphp: Slot [12] registered
Mar  4 22:08:31 ip-10-0-0-5 kernel: acpiphp: Slot [13] registered
Mar  4 22:08:31 ip-10-0-0-5 kernel: acpiphp: Slot [14] registered
Mar  4 22:08:31 ip-10-0-0-5 kernel: acpiphp: Slot [15] registered
Mar  4 22:08:31 ip-10-0-0-5 kernel: acpiphp: Slot [16] registered
Mar  4 22:08:31 ip-10-0-0-5 kernel: acpiphp: Slot [17] registered
Mar  4 22:08:31 ip-10-0-0-5 kernel: acpiphp: Slot [18] registered
Mar  4 22:08:31 ip-10-0-0-5 kernel: acpiphp: Slot [19] registered
Mar  4 22:08:31 ip-10-0-0-5 kernel: acpiphp: Slot [20] registered
Mar  4 22:08:31 ip-10-0-0-5 kernel: acpiphp: Slot [21] registered
Mar  4 22:08:31 ip-10-0-0-5 kernel: acpiphp: Slot [22] registered
Mar  4 22:08:31 ip-10-0-0-5 kernel: acpiphp: Slot [23] registered
Mar  4 22:08:31 ip-10-0-0-5 kernel: acpiphp: Slot [24] registered
Mar  4 22:08:31 ip-10-0-0-5 kernel: acpiphp: Slot [25] registered
Mar  4 22:08:31 ip-10-0-0-5 kernel: acpiphp: Slot [26] registered
Mar  4 22:08:31 ip-10-0-0-5 kernel: acpiphp: Slot [27] registered
Mar  4 22:08:31 ip-10-0-0-5 kernel: acpiphp: Slot [28] registered
Mar  4 22:08:31 ip-10-0-0-5 kernel: acpiphp: Slot [29] registered
Mar  4 22:08:31 ip-10-0-0-5 kernel: acpiphp: Slot [30] registered
Mar  4 22:08:31 ip-10-0-0-5 kernel: acpiphp: Slot [31] registered
Mar  4 22:08:31 ip-10-0-0-5 kernel: PCI host bridge to bus 0000:00
Mar  4 22:08:31 ip-10-0-0-5 kernel: pci_bus 0000:00: root bus resource [io  0x0000-0x0cf7 window]
Mar  4 22:08:31 ip-10-0-0-5 kernel: pci_bus 0000:00: root bus resource [io  0x0d00-0xffff window]
Mar  4 22:08:31 ip-10-0-0-5 kernel: pci_bus 0000:00: root bus resource [mem 0x000a0000-0x000bffff window]
Mar  4 22:08:31 ip-10-0-0-5 kernel: pci_bus 0000:00: root bus resource [mem 0xf0000000-0xfbffffff window]
Mar  4 22:08:31 ip-10-0-0-5 kernel: pci_bus 0000:00: root bus resource [bus 00-ff]
Mar  4 22:08:31 ip-10-0-0-5 kernel: pci 0000:00:01.1: legacy IDE quirk: reg 0x10: [io  0x01f0-0x01f7]
Mar  4 22:08:31 ip-10-0-0-5 kernel: pci 0000:00:01.1: legacy IDE quirk: reg 0x14: [io  0x03f6]
Mar  4 22:08:31 ip-10-0-0-5 kernel: pci 0000:00:01.1: legacy IDE quirk: reg 0x18: [io  0x0170-0x0177]
Mar  4 22:08:31 ip-10-0-0-5 kernel: pci 0000:00:01.1: legacy IDE quirk: reg 0x1c: [io  0x0376]
Mar  4 22:08:31 ip-10-0-0-5 kernel: * Found PM-Timer Bug on the chipset. Due to workarounds for a bug,#012
* this clock source is slow. Consider trying other clock sources
Mar  4 22:08:31 ip-10-0-0-5 kernel: pci 0000:00:01.3: quirk: [io  0xb000-0xb03f] claimed by PIIX4 ACPI
Mar  4 22:08:31 ip-10-0-0-5 kernel: ACPI: PCI Interrupt Link [LNKA] (IRQs *5 10 11)
Mar  4 22:08:31 ip-10-0-0-5 kernel: ACPI: PCI Interrupt Link [LNKB] (IRQs 5 *10 11)
Mar  4 22:08:31 ip-10-0-0-5 kernel: ACPI: PCI Interrupt Link [LNKC] (IRQs 5 10 *11)
Mar  4 22:08:31 ip-10-0-0-5 kernel: ACPI: PCI Interrupt Link [LNKD] (IRQs *5 10 11)
Mar  4 22:08:31 ip-10-0-0-5 kernel: xen:balloon: Initialising balloon driver
Mar  4 22:08:31 ip-10-0-0-5 kernel: pci 0000:00:02.0: vgaarb: setting as boot VGA device
Mar  4 22:08:31 ip-10-0-0-5 kernel: pci 0000:00:02.0: vgaarb: VGA device added: decodes=io+mem,owns=io+mem
,locks=none
Mar  4 22:08:31 ip-10-0-0-5 kernel: pci 0000:00:02.0: vgaarb: bridge control possible
Mar  4 22:08:31 ip-10-0-0-5 kernel: vgaarb: loaded
Mar  4 22:08:31 ip-10-0-0-5 kernel: EDAC MC: Ver: 3.0.0
Mar  4 22:08:31 ip-10-0-0-5 kernel: PCI: Using ACPI for IRQ routing
Mar  4 22:08:31 ip-10-0-0-5 kernel: NetLabel: Initializing
Mar  4 22:08:31 ip-10-0-0-5 kernel: NetLabel:  domain hash size = 128
Mar  4 22:08:31 ip-10-0-0-5 kernel: NetLabel:  protocols = UNLABELED CIPSOv4 CALIPSO
Mar  4 22:08:31 ip-10-0-0-5 kernel: NetLabel:  unlabeled traffic allowed by default
Mar  4 22:08:31 ip-10-0-0-5 kernel: HPET: 3 timers in total, 0 timers will be used for per-cpu timer
Mar  4 22:08:31 ip-10-0-0-5 kernel: hpet0: at MMIO 0xfed00000, IRQs 2, 8, 0
Mar  4 22:08:31 ip-10-0-0-5 kernel: hpet0: 3 comparators, 64-bit 62.500000 MHz counter
Mar  4 22:08:31 ip-10-0-0-5 kernel: clocksource: Switched to clocksource xen
Mar  4 22:08:31 ip-10-0-0-5 kernel: VFS: Disk quotas dquot_6.6.0
Mar  4 22:08:31 ip-10-0-0-5 kernel: VFS: Dquot-cache hash table entries: 512 (order 0, 4096 bytes)
Mar  4 22:08:31 ip-10-0-0-5 kernel: pnp: PnP ACPI init
Mar  4 22:08:31 ip-10-0-0-5 kernel: system 00:00: [mem 0x00000000-0x0009ffff] could not be reserved
Mar  4 22:08:31 ip-10-0-0-5 kernel: system 00:01: [io  0x08a0-0x08a3] has been reserved
Mar  4 22:08:31 ip-10-0-0-5 kernel: system 00:01: [io  0x0cc0-0x0ccf] has been reserved
Mar  4 22:08:31 ip-10-0-0-5 kernel: system 00:01: [io  0x04d0-0x04d1] has been reserved
Mar  4 22:08:31 ip-10-0-0-5 kernel: system 00:07: [io  0x10c0-0x1141] has been reserved
Mar  4 22:08:31 ip-10-0-0-5 kernel: system 00:07: [io  0xb044-0xb047] has been reserved
Mar  4 22:08:31 ip-10-0-0-5 kernel: pnp: PnP ACPI: found 8 devices
Mar  4 22:08:31 ip-10-0-0-5 kernel: clocksource: acpi_pm: mask: 0xffffff max_cycles: 0xffffff, max_idle_ns
: 2085701024 ns
Mar  4 22:08:31 ip-10-0-0-5 kernel: NET: Registered protocol family 2
Mar  4 22:08:31 ip-10-0-0-5 kernel: TCP established hash table entries: 16384 (order: 5, 131072 bytes)
Mar  4 22:08:31 ip-10-0-0-5 kernel: TCP bind hash table entries: 16384 (order: 6, 262144 bytes)
Mar  4 22:08:31 ip-10-0-0-5 kernel: TCP: Hash tables configured (established 16384 bind 16384)
Mar  4 22:08:31 ip-10-0-0-5 kernel: UDP hash table entries: 1024 (order: 3, 32768 bytes)
Mar  4 22:08:31 ip-10-0-0-5 kernel: UDP-Lite hash table entries: 1024 (order: 3, 32768 bytes)
Mar  4 22:08:31 ip-10-0-0-5 kernel: NET: Registered protocol family 1
Mar  4 22:08:31 ip-10-0-0-5 kernel: pci 0000:00:00.0: Limiting direct PCI/PCI transfers
Mar  4 22:08:31 ip-10-0-0-5 kernel: pci 0000:00:01.0: PIIX3: Enabling Passive Release
Mar  4 22:08:31 ip-10-0-0-5 kernel: pci 0000:00:01.0: Activating ISA DMA hang workarounds
Mar  4 22:08:31 ip-10-0-0-5 kernel: pci 0000:00:02.0: Video device with shadowed ROM at [mem 0x000c0000-0x
000dffff]
Mar  4 22:08:31 ip-10-0-0-5 kernel: Unpacking initramfs...
Mar  4 22:08:31 ip-10-0-0-5 kernel: random: fast init done
Mar  4 22:08:31 ip-10-0-0-5 kernel: Freeing initrd memory: 30476K
Mar  4 22:08:31 ip-10-0-0-5 kernel: Scanning for low memory corruption every 60 seconds
Mar  4 22:08:31 ip-10-0-0-5 kernel: audit: initializing netlink subsys (disabled)
Mar  4 22:08:31 ip-10-0-0-5 kernel: Initialise system trusted keyrings
Mar  4 22:08:31 ip-10-0-0-5 kernel: Key type blacklist registered
Mar  4 22:08:31 ip-10-0-0-5 kernel: audit: type=2000 audit(1551737310.598:1): state=initialized audit_enab
led=0 res=1
Mar  4 22:08:31 ip-10-0-0-5 kernel: workingset: timestamp_bits=36 max_order=19 bucket_order=0
Mar  4 22:08:31 ip-10-0-0-5 kernel: zbud: loaded
Mar  4 22:08:31 ip-10-0-0-5 kernel: Key type asymmetric registered
Mar  4 22:08:31 ip-10-0-0-5 kernel: Asymmetric key parser 'x509' registered
Mar  4 22:08:31 ip-10-0-0-5 kernel: Block layer SCSI generic (bsg) driver version 0.4 loaded (major 252)
Mar  4 22:08:31 ip-10-0-0-5 kernel: io scheduler noop registered (default)
Mar  4 22:08:31 ip-10-0-0-5 kernel: io scheduler cfq registered
Mar  4 22:08:31 ip-10-0-0-5 kernel: crc32: CRC_LE_BITS = 64, CRC_BE BITS = 64
Mar  4 22:08:31 ip-10-0-0-5 kernel: crc32: self tests passed, processed 225944 bytes in 161499 nsec
Mar  4 22:08:31 ip-10-0-0-5 kernel: crc32c: CRC_LE_BITS = 64
Mar  4 22:08:31 ip-10-0-0-5 kernel: crc32c: self tests passed, processed 225944 bytes in 85007 nsec
Mar  4 22:08:31 ip-10-0-0-5 kernel: crc32_combine: 8373 self tests passed
Mar  4 22:08:31 ip-10-0-0-5 kernel: crc32c_combine: 8373 self tests passed
Mar  4 22:08:31 ip-10-0-0-5 kernel: xen:grant_table: Grant tables using version 1 layout
Mar  4 22:08:31 ip-10-0-0-5 kernel: Grant table initialized
Mar  4 22:08:31 ip-10-0-0-5 kernel: Cannot get hvm parameter CONSOLE_EVTCHN (18): -22!
Mar  4 22:08:31 ip-10-0-0-5 kernel: Serial: 8250/16550 driver, 4 ports, IRQ sharing disabled
Mar  4 22:08:31 ip-10-0-0-5 kernel: 00:06: ttyS0 at I/O 0x3f8 (irq = 4, base_baud = 115200) is a 16550A
Mar  4 22:08:31 ip-10-0-0-5 kernel: xen_netfront: Initialising Xen virtual ethernet driver
Mar  4 22:08:31 ip-10-0-0-5 kernel: i8042: PNP: PS/2 Controller [PNP0303:PS2K,PNP0f13:PS2M] at 0x60,0x64 i
rq 1,12
Mar  4 22:08:31 ip-10-0-0-5 kernel: serio: i8042 KBD port at 0x60,0x64 irq 1
Mar  4 22:08:31 ip-10-0-0-5 kernel: serio: i8042 AUX port at 0x60,0x64 irq 12
Mar  4 22:08:31 ip-10-0-0-5 kernel: input: AT Translated Set 2 keyboard as /devices/platform/i8042/serio0/
input/input0
Mar  4 22:08:31 ip-10-0-0-5 kernel: rtc_cmos 00:02: rtc core: registered rtc_cmos as rtc0
Mar  4 22:08:31 ip-10-0-0-5 kernel: rtc_cmos 00:02: alarms up to one day, 114 bytes nvram, hpet irqs
Mar  4 22:08:31 ip-10-0-0-5 kernel: hidraw: raw HID events driver (C) Jiri Kosina
Mar  4 22:08:31 ip-10-0-0-5 kernel: NET: Registered protocol family 17
Mar  4 22:08:31 ip-10-0-0-5 kernel: sched_clock: Marking stable (1230103927, 0)->(11016760424, -9786656497
)
Mar  4 22:08:31 ip-10-0-0-5 kernel: registered taskstats version 1
Mar  4 22:08:31 ip-10-0-0-5 kernel: Loading compiled-in X.509 certificates
Mar  4 22:08:31 ip-10-0-0-5 kernel: Loaded X.509 cert 'Build time autogenerated kernel key: cb27933a66efd8
c5ff702f9abf40ed3c32026f25'
Mar  4 22:08:31 ip-10-0-0-5 kernel: zswap: loaded using pool lzo/zbud
Mar  4 22:08:31 ip-10-0-0-5 kernel: ima: No TPM chip found, activating TPM-bypass! (rc=-19)
Mar  4 22:08:31 ip-10-0-0-5 kernel: ima: Allocated hash algorithm: sha1
Mar  4 22:08:31 ip-10-0-0-5 kernel: xenbus_probe_frontend: Device with no driver: device/vbd/51712
Mar  4 22:08:31 ip-10-0-0-5 kernel: rtc_cmos 00:02: setting system clock to 2019-03-04 22:08:31 UTC (15517
37311)
Mar  4 22:08:31 ip-10-0-0-5 kernel: Freeing unused kernel memory: 2076K
Mar  4 22:08:31 ip-10-0-0-5 kernel: Write protecting the kernel read-only data: 14336k
Mar  4 22:08:31 ip-10-0-0-5 kernel: Freeing unused kernel memory: 2016K
Mar  4 22:08:31 ip-10-0-0-5 kernel: Freeing unused kernel memory: 1284K
Mar  4 22:08:31 ip-10-0-0-5 systemd[1]: Inserted module 'autofs4'
Mar  4 22:08:31 ip-10-0-0-5 kernel: NET: Registered protocol family 10
Mar  4 22:08:31 ip-10-0-0-5 kernel: Segment Routing with IPv6
Mar  4 22:08:31 ip-10-0-0-5 systemd[1]: Inserted module 'ipv6'
Mar  4 22:08:31 ip-10-0-0-5 kernel: random: systemd: uninitialized urandom read (16 bytes read)
Mar  4 22:08:31 ip-10-0-0-5 kernel: random: systemd: uninitialized urandom read (16 bytes read)
Mar  4 22:08:31 ip-10-0-0-5 kernel: random: systemd: uninitialized urandom read (16 bytes read)
Mar  4 22:08:31 ip-10-0-0-5 systemd[1]: systemd 219 running in system mode. (+PAM +AUDIT +SELINUX +IMA -AP
PARMOR +SMACK +SYSVINIT +UTMP +LIBCRYPTSETUP +GCRYPT +GNUTLS +ACL +XZ +LZ4 -SECCOMP +BLKID +ELFUTILS +KMOD
 +IDN)
Mar  4 22:08:31 ip-10-0-0-5 systemd[1]: Detected virtualization xen.
Mar  4 22:08:31 ip-10-0-0-5 systemd[1]: Detected architecture x86-64.
Mar  4 22:08:31 ip-10-0-0-5 systemd[1]: Running in initial RAM disk.
Mar  4 22:08:31 ip-10-0-0-5 systemd[1]: No hostname configured.
Mar  4 22:08:31 ip-10-0-0-5 systemd[1]: Set hostname to <localhost>.
Mar  4 22:08:31 ip-10-0-0-5 systemd[1]: Initializing machine ID from random generator.
Mar  4 22:08:31 ip-10-0-0-5 systemd[1]: Reached target Local Encrypted Volumes.
Mar  4 22:08:31 ip-10-0-0-5 systemd[1]: Starting Local Encrypted Volumes.
Mar  4 22:08:31 ip-10-0-0-5 systemd[1]: Reached target Local File Systems.
Mar  4 22:08:31 ip-10-0-0-5 journal: Journal started
Mar  4 22:08:31 ip-10-0-0-5 systemd: Started Setup Virtual Console.
Mar  4 22:08:31 ip-10-0-0-5 systemd: Started Create list of required static device nodes for the current k
ernel.
Mar  4 22:08:31 ip-10-0-0-5 systemd: Started Apply Kernel Variables.
Mar  4 22:08:31 ip-10-0-0-5 systemd: Starting Create Static Device Nodes in /dev...
Mar  4 22:08:31 ip-10-0-0-5 systemd: Started Create Static Device Nodes in /dev.
Mar  4 22:08:31 ip-10-0-0-5 systemd: Started dracut cmdline hook.
Mar  4 22:08:31 ip-10-0-0-5 systemd: Starting dracut pre-udev hook...
Mar  4 22:08:31 ip-10-0-0-5 kernel: device-mapper: uevent: version 1.0.3
Mar  4 22:08:31 ip-10-0-0-5 kernel: device-mapper: ioctl: 4.37.0-ioctl (2017-09-20) initialised: dm-devel@
redhat.com
Mar  4 22:08:31 ip-10-0-0-5 systemd: Started dracut pre-udev hook.
Mar  4 22:08:31 ip-10-0-0-5 systemd: Starting udev Kernel Device Manager...
Mar  4 22:08:31 ip-10-0-0-5 systemd-udevd: starting version 219
Mar  4 22:08:31 ip-10-0-0-5 systemd-udevd: Network interface NamePolicy= disabled on kernel command line, 
ignoring.
Mar  4 22:08:31 ip-10-0-0-5 systemd: Started udev Kernel Device Manager.
Mar  4 22:08:31 ip-10-0-0-5 systemd: Starting dracut pre-trigger hook...
Mar  4 22:08:31 ip-10-0-0-5 kernel: tsc: Refined TSC clocksource calibration: 2399.999 MHz
Mar  4 22:08:31 ip-10-0-0-5 kernel: clocksource: tsc: mask: 0xffffffffffffffff max_cycles: 0x2298364cab5, 
max_idle_ns: 440795214892 ns
Mar  4 22:08:32 ip-10-0-0-5 systemd: Started dracut pre-trigger hook.
Mar  4 22:08:32 ip-10-0-0-5 systemd: Starting udev Coldplug all Devices...
Mar  4 22:08:32 ip-10-0-0-5 systemd-udevd: Network interface NamePolicy= disabled on kernel command line, 
ignoring.
Mar  4 22:08:32 ip-10-0-0-5 systemd: Started udev Coldplug all Devices.
Mar  4 22:08:32 ip-10-0-0-5 systemd: Starting Show Plymouth Boot Screen...
Mar  4 22:08:32 ip-10-0-0-5 systemd: Reached target System Initialization.
Mar  4 22:08:32 ip-10-0-0-5 systemd: Starting System Initialization.
Mar  4 22:08:32 ip-10-0-0-5 systemd: Starting dracut initqueue hook...
Mar  4 22:08:32 ip-10-0-0-5 systemd: Received SIGRTMIN+20 from PID 1702 (plymouthd).
Mar  4 22:08:32 ip-10-0-0-5 systemd: Started Show Plymouth Boot Screen.
Mar  4 22:08:32 ip-10-0-0-5 systemd: Reached target Paths.
Mar  4 22:08:32 ip-10-0-0-5 systemd: Starting Paths.
Mar  4 22:08:32 ip-10-0-0-5 systemd: Started Forward Password Requests to Plymouth Directory Watch.
Mar  4 22:08:32 ip-10-0-0-5 systemd: Starting Forward Password Requests to Plymouth Directory Watch.
Mar  4 22:08:32 ip-10-0-0-5 systemd: Reached target Basic System.
Mar  4 22:08:32 ip-10-0-0-5 systemd: Starting Basic System.
Mar  4 22:08:32 ip-10-0-0-5 kernel: SCSI subsystem initialized
Mar  4 22:08:32 ip-10-0-0-5 kernel: Invalid max_queues (4), will use default max: 1.
Mar  4 22:08:32 ip-10-0-0-5 kernel: AVX2 version of gcm_enc/dec engaged.
Mar  4 22:08:32 ip-10-0-0-5 kernel: AES CTR mode by8 optimization enabled
Mar  4 22:08:32 ip-10-0-0-5 kernel: scsi host0: ata_piix
Mar  4 22:08:32 ip-10-0-0-5 kernel: scsi host1: ata_piix
Mar  4 22:08:32 ip-10-0-0-5 kernel: ata1: PATA max MWDMA2 cmd 0x1f0 ctl 0x3f6 bmdma 0xc100 irq 14
Mar  4 22:08:32 ip-10-0-0-5 kernel: ata2: PATA max MWDMA2 cmd 0x170 ctl 0x376 bmdma 0xc108 irq 15
Mar  4 22:08:32 ip-10-0-0-5 kernel: alg: No test for pcbc(aes) (pcbc-aes-aesni)
Mar  4 22:08:32 ip-10-0-0-5 kernel: blkfront: xvda: barrier or flush: disabled; persistent grants: disable
d; indirect descriptors: enabled;
Mar  4 22:08:32 ip-10-0-0-5 kernel: xvda: xvda1
Mar  4 22:08:32 ip-10-0-0-5 systemd: Found device /dev/disk/by-uuid/802a38cf-9ac2-424a-8db2-ea5d6d41cb4b.
Mar  4 22:08:32 ip-10-0-0-5 systemd: Starting File System Check on /dev/disk/by-uuid/802a38cf-9ac2-424a-8d
b2-ea5d6d41cb4b...
Mar  4 22:08:32 ip-10-0-0-5 systemd-fsck: /usr/sbin/fsck.xfs: XFS file system.
Mar  4 22:08:32 ip-10-0-0-5 systemd: Started File System Check on /dev/disk/by-uuid/802a38cf-9ac2-424a-8db
2-ea5d6d41cb4b.
Mar  4 22:08:32 ip-10-0-0-5 systemd: Started dracut initqueue hook.
Mar  4 22:08:32 ip-10-0-0-5 systemd: Starting dracut pre-mount hook...
Mar  4 22:08:32 ip-10-0-0-5 systemd: Reached target Remote File Systems (Pre).
Mar  4 22:08:32 ip-10-0-0-5 systemd: Starting Remote File Systems (Pre).
Mar  4 22:08:32 ip-10-0-0-5 systemd: Reached target Remote File Systems.
Mar  4 22:08:32 ip-10-0-0-5 systemd: Starting Remote File Systems.
Mar  4 22:08:32 ip-10-0-0-5 systemd: Started dracut pre-mount hook.
Mar  4 22:08:32 ip-10-0-0-5 systemd: Mounting /sysroot...
Mar  4 22:08:32 ip-10-0-0-5 kernel: SGI XFS with ACLs, security attributes, no debug enabled
Mar  4 22:08:32 ip-10-0-0-5 kernel: XFS (xvda1): Mounting V5 Filesystem
Mar  4 22:08:33 ip-10-0-0-5 systemd: Mounted /sysroot.
Mar  4 22:08:33 ip-10-0-0-5 systemd: Reached target Initrd Root File System.
Mar  4 22:08:33 ip-10-0-0-5 systemd: Starting Initrd Root File System.
Mar  4 22:08:33 ip-10-0-0-5 systemd: Starting Reload Configuration from the Real Root...
Mar  4 22:08:33 ip-10-0-0-5 kernel: XFS (xvda1): Ending clean mount
Mar  4 22:08:33 ip-10-0-0-5 systemd: Reloading.
Mar  4 22:08:33 ip-10-0-0-5 systemd: Started Reload Configuration from the Real Root.
Mar  4 22:08:33 ip-10-0-0-5 systemd: Reached target Initrd File Systems.
Mar  4 22:08:33 ip-10-0-0-5 systemd: Starting Initrd File Systems.
Mar  4 22:08:33 ip-10-0-0-5 systemd: Reached target Initrd Default Target.
Mar  4 22:08:33 ip-10-0-0-5 systemd: Starting Initrd Default Target.
Mar  4 22:08:33 ip-10-0-0-5 systemd: Starting dracut pre-pivot and cleanup hook...
Mar  4 22:08:33 ip-10-0-0-5 systemd: Started dracut pre-pivot and cleanup hook.
Mar  4 22:08:33 ip-10-0-0-5 systemd: Starting Cleaning Up and Shutting Down Daemons...
Mar  4 22:08:33 ip-10-0-0-5 systemd: Stopped Cleaning Up and Shutting Down Daemons.
Mar  4 22:08:33 ip-10-0-0-5 systemd: Starting Plymouth switch root service...
Mar  4 22:08:33 ip-10-0-0-5 systemd: Stopped dracut pre-pivot and cleanup hook.
Mar  4 22:08:33 ip-10-0-0-5 systemd: Stopping dracut pre-pivot and cleanup hook...
Mar  4 22:08:33 ip-10-0-0-5 systemd: Stopped target Remote File Systems.
Mar  4 22:08:33 ip-10-0-0-5 systemd: Stopping Remote File Systems.
Mar  4 22:08:33 ip-10-0-0-5 systemd: Stopped target Remote File Systems (Pre).
Mar  4 22:08:33 ip-10-0-0-5 systemd: Stopping Remote File Systems (Pre).
Mar  4 22:08:33 ip-10-0-0-5 systemd: Stopped dracut pre-mount hook.
Mar  4 22:08:33 ip-10-0-0-5 systemd: Stopping dracut pre-mount hook...
Mar  4 22:08:33 ip-10-0-0-5 systemd: Stopped target Timers.
Mar  4 22:08:33 ip-10-0-0-5 systemd: Stopping Timers.
Mar  4 22:08:33 ip-10-0-0-5 systemd: Stopped target Initrd Default Target.
Mar  4 22:08:33 ip-10-0-0-5 systemd: Stopping Initrd Default Target.
Mar  4 22:08:33 ip-10-0-0-5 systemd: Stopped target Basic System.
Mar  4 22:08:33 ip-10-0-0-5 systemd: Stopping Basic System.
Mar  4 22:08:33 ip-10-0-0-5 systemd: Stopped target Sockets.
Mar  4 22:08:33 ip-10-0-0-5 systemd: Stopping Sockets.
Mar  4 22:08:33 ip-10-0-0-5 systemd: Stopped target Slices.
Mar  4 22:08:33 ip-10-0-0-5 systemd: Stopping Slices.
Mar  4 22:08:33 ip-10-0-0-5 systemd: Stopped target Paths.
Mar  4 22:08:33 ip-10-0-0-5 systemd: Stopping Paths.
Mar  4 22:08:33 ip-10-0-0-5 systemd: Stopped dracut initqueue hook.
Mar  4 22:08:33 ip-10-0-0-5 systemd: Stopping dracut initqueue hook...
Mar  4 22:08:33 ip-10-0-0-5 systemd: Stopped target System Initialization.
Mar  4 22:08:33 ip-10-0-0-5 systemd: Stopping System Initialization.
Mar  4 22:08:33 ip-10-0-0-5 systemd: Stopped target Swap.
Mar  4 22:08:33 ip-10-0-0-5 systemd: Stopping Swap.
Mar  4 22:08:33 ip-10-0-0-5 systemd: Stopped udev Coldplug all Devices.
Mar  4 22:08:33 ip-10-0-0-5 systemd: Stopping udev Coldplug all Devices...
Mar  4 22:08:33 ip-10-0-0-5 systemd: Stopped target Local Encrypted Volumes.
Mar  4 22:08:33 ip-10-0-0-5 systemd: Stopping Local Encrypted Volumes.
Mar  4 22:08:33 ip-10-0-0-5 systemd: Stopped dracut pre-trigger hook.
Mar  4 22:08:33 ip-10-0-0-5 systemd: Stopping dracut pre-trigger hook...
Mar  4 22:08:33 ip-10-0-0-5 systemd: Stopping udev Kernel Device Manager...
Mar  4 22:08:33 ip-10-0-0-5 systemd: Stopped target Local File Systems.
Mar  4 22:08:33 ip-10-0-0-5 systemd: Stopping Local File Systems.
Mar  4 22:08:33 ip-10-0-0-5 systemd: Stopped Apply Kernel Variables.
Mar  4 22:08:33 ip-10-0-0-5 systemd: Stopping Apply Kernel Variables...
Mar  4 22:08:33 ip-10-0-0-5 systemd: Stopped udev Kernel Device Manager.
Mar  4 22:08:33 ip-10-0-0-5 systemd: Stopped dracut pre-udev hook.
Mar  4 22:08:33 ip-10-0-0-5 systemd: Stopping dracut pre-udev hook...
Mar  4 22:08:33 ip-10-0-0-5 systemd: Stopped dracut cmdline hook.
Mar  4 22:08:33 ip-10-0-0-5 systemd: Stopping dracut cmdline hook...
Mar  4 22:08:33 ip-10-0-0-5 systemd: Stopped Create Static Device Nodes in /dev.
Mar  4 22:08:33 ip-10-0-0-5 systemd: Stopping Create Static Device Nodes in /dev...
Mar  4 22:08:33 ip-10-0-0-5 systemd: Stopped Create list of required static device nodes for the current k
ernel.
Mar  4 22:08:33 ip-10-0-0-5 systemd: Stopping Create list of required static device nodes for the current 
kernel...
Mar  4 22:08:33 ip-10-0-0-5 systemd: Closed udev Kernel Socket.
Mar  4 22:08:33 ip-10-0-0-5 systemd: Stopping udev Kernel Socket.
Mar  4 22:08:33 ip-10-0-0-5 systemd: Closed udev Control Socket.
Mar  4 22:08:33 ip-10-0-0-5 systemd: Stopping udev Control Socket.
Mar  4 22:08:33 ip-10-0-0-5 systemd: Starting Cleanup udevd DB...
Mar  4 22:08:33 ip-10-0-0-5 systemd: Started Cleanup udevd DB.
Mar  4 22:08:33 ip-10-0-0-5 systemd: Reached target Switch Root.
Mar  4 22:08:33 ip-10-0-0-5 systemd: Starting Switch Root.
Mar  4 22:08:33 ip-10-0-0-5 systemd: Started Plymouth switch root service.
Mar  4 22:08:33 ip-10-0-0-5 systemd: Starting Switch Root...
Mar  4 22:08:33 ip-10-0-0-5 systemd: Switching root.
Mar  4 22:08:33 ip-10-0-0-5 journal: Journal stopped
Mar  4 22:08:33 ip-10-0-0-5 journal: Runtime journal is using 8.0M (max allowed 99.6M, trying to leave 149
.5M free of 980.8M available ‚Üí current limit 99.6M).
Mar  4 22:08:33 ip-10-0-0-5 systemd-journald[918]: Received SIGTERM from PID 1 (systemd).
Mar  4 22:08:33 ip-10-0-0-5 kernel: systemd: 25 output lines suppressed due to ratelimiting
Mar  4 22:08:33 ip-10-0-0-5 kernel: SELinux:  Disabled at runtime.
Mar  4 22:08:33 ip-10-0-0-5 kernel: audit: type=1404 audit(1551737313.528:2): selinux=0 auid=4294967295 se
s=4294967295
Mar  4 22:08:33 ip-10-0-0-5 kernel: ip_tables: (C) 2000-2006 Netfilter Core Team
Mar  4 22:08:33 ip-10-0-0-5 systemd[1]: Inserted module 'ip_tables'
Mar  4 22:08:33 ip-10-0-0-5 kernel: ena: Elastic Network Adapter (ENA) v2.0.2g
Mar  4 22:08:33 ip-10-0-0-5 journal: Journal started
Mar  4 22:08:33 ip-10-0-0-5 systemd: systemd 219 running in system mode. (+PAM +AUDIT +SELINUX +IMA -APPAR
MOR +SMACK +SYSVINIT +UTMP +LIBCRYPTSETUP +GCRYPT +GNUTLS +ACL +XZ +LZ4 -SECCOMP +BLKID +ELFUTILS +KMOD +I
DN)
Mar  4 22:08:33 ip-10-0-0-5 systemd: Detected virtualization xen.
Mar  4 22:08:33 ip-10-0-0-5 systemd: Detected architecture x86-64.
Mar  4 22:08:33 ip-10-0-0-5 systemd: [/usr/lib/systemd/system/irqbalance.service:12] Unknown lvalue 'ReadO
nlyPaths' in section 'Service'
Mar  4 22:08:33 ip-10-0-0-5 systemd: [/usr/lib/systemd/system/irqbalance.service:13] Unknown lvalue 'ReadW
ritePaths' in section 'Service'
Mar  4 22:08:33 ip-10-0-0-5 systemd: [/usr/lib/systemd/system/irqbalance.service:15] Unknown lvalue 'Tempo
raryFileSystem' in section 'Service'
Mar  4 22:08:33 ip-10-0-0-5 systemd: Cannot add dependency job for unit display-manager.service, ignoring:
 Unit not found.
Mar  4 22:08:33 ip-10-0-0-5 systemd-modules-load: Inserted module 'ena'
Mar  4 22:08:33 ip-10-0-0-5 systemd: Started Load Kernel Modules.
Mar  4 22:08:33 ip-10-0-0-5 systemd: Started Remount Root and Kernel File Systems.
Mar  4 22:08:33 ip-10-0-0-5 systemd: Started Create list of required static device nodes for the current k
ernel.
Mar  4 22:08:33 ip-10-0-0-5 systemd: Starting Create Static Device Nodes in /dev...
Mar  4 22:08:33 ip-10-0-0-5 systemd: Starting Load/Save Random Seed...
Mar  4 22:08:33 ip-10-0-0-5 systemd: Starting Configure read-only root support...
Mar  4 22:08:33 ip-10-0-0-5 systemd: Starting Rebuild Hardware Database...
Mar  4 22:08:33 ip-10-0-0-5 systemd: Starting Apply Kernel Variables...
Mar  4 22:08:33 ip-10-0-0-5 systemd: Starting Flush Journal to Persistent Storage...
Mar  4 22:08:33 ip-10-0-0-5 systemd: Started Create Static Device Nodes in /dev.
Mar  4 22:08:33 ip-10-0-0-5 systemd: Started Load/Save Random Seed.
Mar  4 22:08:33 ip-10-0-0-5 systemd: Started Apply Kernel Variables.
Mar  4 22:08:33 ip-10-0-0-5 journal: Permanent journal is using 8.0M (max allowed 818.0M, trying to leave 
1.1G free of 6.9G available ‚Üí current limit 818.0M).
Mar  4 22:08:33 ip-10-0-0-5 journal: Time spent on flushing to /var is 15.190ms for 539 entries.
Mar  4 22:08:33 ip-10-0-0-5 systemd: Started LVM2 metadata daemon.
Mar  4 22:08:33 ip-10-0-0-5 systemd: Starting LVM2 metadata daemon...
Mar  4 22:08:33 ip-10-0-0-5 systemd: Starting udev Kernel Device Manager...
Mar  4 22:08:33 ip-10-0-0-5 systemd: Started Configure read-only root support.
Mar  4 22:08:33 ip-10-0-0-5 systemd-udevd: starting version 219
Mar  4 22:08:33 ip-10-0-0-5 systemd-udevd: Network interface NamePolicy= disabled on kernel command line, 
ignoring.
Mar  4 22:08:33 ip-10-0-0-5 systemd: Started udev Kernel Device Manager.
Mar  4 22:08:33 ip-10-0-0-5 systemd: Started Flush Journal to Persistent Storage.
Mar  4 22:08:34 ip-10-0-0-5 systemd: Started Rebuild Hardware Database.
Mar  4 22:08:34 ip-10-0-0-5 systemd: Starting udev Coldplug all Devices...
Mar  4 22:08:34 ip-10-0-0-5 kernel: input: Power Button as /devices/LNXSYSTM:00/LNXPWRBN:00/input/input3
Mar  4 22:08:34 ip-10-0-0-5 systemd: Started udev Coldplug all Devices.
Mar  4 22:08:34 ip-10-0-0-5 systemd: Starting udev Wait for Complete Device Initialization...
Mar  4 22:08:34 ip-10-0-0-5 kernel: ACPI: Power Button [PWRF]
Mar  4 22:08:34 ip-10-0-0-5 kernel: input: Sleep Button as /devices/LNXSYSTM:00/LNXSLPBN:00/input/input4
Mar  4 22:08:34 ip-10-0-0-5 kernel: ACPI: Sleep Button [SLPF]
Mar  4 22:08:34 ip-10-0-0-5 systemd: Found device /dev/ttyS0.
Mar  4 22:08:34 ip-10-0-0-5 systemd: Created slice system-ec2net\x2difup.slice.
Mar  4 22:08:34 ip-10-0-0-5 systemd: Starting system-ec2net\x2difup.slice.
Mar  4 22:08:34 ip-10-0-0-5 kernel: input: ImExPS/2 Generic Explorer Mouse as /devices/platform/i8042/seri
o1/input/input5
Mar  4 22:08:34 ip-10-0-0-5 kernel: EDAC sbridge:  Ver: 1.1.2 
Mar  4 22:08:34 ip-10-0-0-5 kernel: mousedev: PS/2 mouse device common for all mice
Mar  4 22:08:34 ip-10-0-0-5 systemd: Started udev Wait for Complete Device Initialization.
Mar  4 22:08:34 ip-10-0-0-5 systemd: Starting Activation of DM RAID sets...
Mar  4 22:08:34 ip-10-0-0-5 systemd: Started Monitoring of LVM2 mirrors, snapshots etc. using dmeventd or 
progress polling.
Mar  4 22:08:34 ip-10-0-0-5 systemd: Reached target Local File Systems (Pre).
Mar  4 22:08:34 ip-10-0-0-5 systemd: Starting Local File Systems (Pre).
Mar  4 22:08:34 ip-10-0-0-5 systemd: Started Activation of DM RAID sets.
Mar  4 22:08:34 ip-10-0-0-5 systemd: Reached target Local File Systems.
Mar  4 22:08:34 ip-10-0-0-5 systemd: Starting Local File Systems.
Mar  4 22:08:34 ip-10-0-0-5 systemd: Starting Tell Plymouth To Write Out Runtime Data...
Mar  4 22:08:34 ip-10-0-0-5 systemd: Starting Rebuild Journal Catalog...
Mar  4 22:08:34 ip-10-0-0-5 systemd: Starting Preprocess NFS configuration...
Mar  4 22:08:34 ip-10-0-0-5 systemd: Starting Create Volatile Files and Directories...
Mar  4 22:08:34 ip-10-0-0-5 systemd: Starting Mark the need to relabel after reboot...
Mar  4 22:08:34 ip-10-0-0-5 systemd: Reached target Local Encrypted Volumes.
Mar  4 22:08:34 ip-10-0-0-5 systemd: Starting Local Encrypted Volumes.
Mar  4 22:08:34 ip-10-0-0-5 systemd: Started Mark the need to relabel after reboot.
Mar  4 22:08:34 ip-10-0-0-5 systemd: Started Rebuild Journal Catalog.
Mar  4 22:08:34 ip-10-0-0-5 systemd: Starting Update is Completed...
Mar  4 22:08:34 ip-10-0-0-5 systemd: Started Preprocess NFS configuration.
Mar  4 22:08:34 ip-10-0-0-5 systemd: Started Create Volatile Files and Directories.
Mar  4 22:08:34 ip-10-0-0-5 systemd: Mounting RPC Pipe File System...
Mar  4 22:08:34 ip-10-0-0-5 systemd: Starting Security Auditing Service...
Mar  4 22:08:34 ip-10-0-0-5 systemd: Started Update is Completed.
Mar  4 22:08:34 ip-10-0-0-5 kernel: RPC: Registered named UNIX socket transport module.
Mar  4 22:08:34 ip-10-0-0-5 kernel: RPC: Registered udp transport module.
Mar  4 22:08:34 ip-10-0-0-5 kernel: RPC: Registered tcp transport module.
Mar  4 22:08:34 ip-10-0-0-5 kernel: RPC: Registered tcp NFSv4.1 backchannel transport module.
Mar  4 22:08:34 ip-10-0-0-5 systemd: Mounted RPC Pipe File System.
Mar  4 22:08:34 ip-10-0-0-5 systemd: Reached target rpc_pipefs.target.
Mar  4 22:08:34 ip-10-0-0-5 systemd: Starting rpc_pipefs.target.
Mar  4 22:08:34 ip-10-0-0-5 auditd[2646]: Started dispatcher: /sbin/audispd pid: 2648
Mar  4 22:08:34 ip-10-0-0-5 auditd[2646]: Init complete, auditd 2.8.1 listening for events (startup state 
enable)
Mar  4 22:08:34 ip-10-0-0-5 audispd: No plugins found, exiting
Mar  4 22:08:34 ip-10-0-0-5 systemd: Started Tell Plymouth To Write Out Runtime Data.
Mar  4 22:08:34 ip-10-0-0-5 augenrules: No rules
Mar  4 22:08:34 ip-10-0-0-5 augenrules: enabled 1
Mar  4 22:08:34 ip-10-0-0-5 augenrules: failure 1
Mar  4 22:08:34 ip-10-0-0-5 augenrules: pid 2646
Mar  4 22:08:34 ip-10-0-0-5 augenrules: rate_limit 0
Mar  4 22:08:34 ip-10-0-0-5 augenrules: backlog_limit 8192
Mar  4 22:08:34 ip-10-0-0-5 augenrules: lost 0
Mar  4 22:08:34 ip-10-0-0-5 augenrules: backlog 1
Mar  4 22:08:34 ip-10-0-0-5 augenrules: backlog_wait_time 15000
Mar  4 22:08:34 ip-10-0-0-5 augenrules: enabled 1
Mar  4 22:08:34 ip-10-0-0-5 augenrules: failure 1
Mar  4 22:08:34 ip-10-0-0-5 augenrules: pid 2646
Mar  4 22:08:34 ip-10-0-0-5 augenrules: rate_limit 0
Mar  4 22:08:34 ip-10-0-0-5 augenrules: backlog_limit 8192
Mar  4 22:08:34 ip-10-0-0-5 augenrules: lost 0
Mar  4 22:08:34 ip-10-0-0-5 augenrules: backlog 1
Mar  4 22:08:34 ip-10-0-0-5 augenrules: backlog_wait_time 15000
Mar  4 22:08:34 ip-10-0-0-5 systemd: Started Security Auditing Service.
Mar  4 22:08:34 ip-10-0-0-5 systemd: Starting Update UTMP about System Boot/Shutdown...
Mar  4 22:08:34 ip-10-0-0-5 systemd: Started Update UTMP about System Boot/Shutdown.
Mar  4 22:08:34 ip-10-0-0-5 systemd: Reached target System Initialization.
Mar  4 22:08:34 ip-10-0-0-5 systemd: Starting System Initialization.
Mar  4 22:08:34 ip-10-0-0-5 systemd: Started Daily Cleanup of Temporary Directories.
Mar  4 22:08:34 ip-10-0-0-5 systemd: Starting Daily Cleanup of Temporary Directories.
Mar  4 22:08:34 ip-10-0-0-5 systemd: Reached target Timers.
Mar  4 22:08:34 ip-10-0-0-5 systemd: Starting Timers.
Mar  4 22:08:34 ip-10-0-0-5 systemd: Started Flexible branding.
Mar  4 22:08:34 ip-10-0-0-5 systemd: Starting Flexible branding.
Mar  4 22:08:34 ip-10-0-0-5 systemd: Reached target Paths.
Mar  4 22:08:34 ip-10-0-0-5 systemd: Starting Paths.
Mar  4 22:08:34 ip-10-0-0-5 systemd: Listening on D-Bus System Message Bus Socket.
Mar  4 22:08:34 ip-10-0-0-5 systemd: Starting D-Bus System Message Bus Socket.
Mar  4 22:08:34 ip-10-0-0-5 systemd: Listening on RPCbind Server Activation Socket.
Mar  4 22:08:34 ip-10-0-0-5 systemd: Starting RPCbind Server Activation Socket.
Mar  4 22:08:34 ip-10-0-0-5 systemd: Reached target Sockets.
Mar  4 22:08:34 ip-10-0-0-5 systemd: Starting Sockets.
Mar  4 22:08:34 ip-10-0-0-5 systemd: Starting RPC bind service...
Mar  4 22:08:34 ip-10-0-0-5 systemd: Reached target Basic System.
Mar  4 22:08:34 ip-10-0-0-5 systemd: Starting Basic System.
Mar  4 22:08:34 ip-10-0-0-5 systemd: Starting Initial cloud-init job (pre-networking)...
Mar  4 22:08:34 ip-10-0-0-5 systemd: Starting NTP client/server...
Mar  4 22:08:34 ip-10-0-0-5 systemd: Started D-Bus System Message Bus.
Mar  4 22:08:34 ip-10-0-0-5 chronyd[2678]: chronyd version 3.2 starting (+CMDMON +NTP +REFCLOCK +RTC +PRIV
DROP +SCFILTER +SECHASH +SIGND +ASYNCDNS +IPV6 +DEBUG)
Mar  4 22:08:34 ip-10-0-0-5 systemd: Starting D-Bus System Message Bus...
Mar  4 22:08:34 ip-10-0-0-5 systemd: Starting Resets System Activity Logs...
Mar  4 22:08:34 ip-10-0-0-5 systemd: Started irqbalance daemon.
Mar  4 22:08:34 ip-10-0-0-5 systemd: Starting irqbalance daemon...
Mar  4 22:08:34 ip-10-0-0-5 systemd: Started libstoragemgmt plug-in server daemon.
Mar  4 22:08:34 ip-10-0-0-5 systemd: Starting libstoragemgmt plug-in server daemon...
Mar  4 22:08:34 ip-10-0-0-5 systemd: Started Hardware RNG Entropy Gatherer Daemon.
Mar  4 22:08:34 ip-10-0-0-5 systemd: Starting Hardware RNG Entropy Gatherer Daemon...
Mar  4 22:08:34 ip-10-0-0-5 systemd: Starting GSSAPI Proxy Daemon...
Mar  4 22:08:34 ip-10-0-0-5 /usr/sbin/irqbalance: Balancing is ineffective on systems with a single cpu.  
Shutting down
Mar  4 22:08:34 ip-10-0-0-5 systemd: Starting Dump dmesg to /var/log/dmesg...
Mar  4 22:08:34 ip-10-0-0-5 rngd: Failed to init entropy source 0: Hardware RNG Device
Mar  4 22:08:34 ip-10-0-0-5 rngd: Failed to init entropy source 1: TPM RNG Device
Mar  4 22:08:34 ip-10-0-0-5 systemd: Starting Login Service...
Mar  4 22:08:35 ip-10-0-0-5 systemd: Started RPC bind service.
Mar  4 22:08:35 ip-10-0-0-5 systemd: Started Resets System Activity Logs.
Mar  4 22:08:35 ip-10-0-0-5 systemd-logind: Watching system buttons on /dev/input/event1 (Power Button)
Mar  4 22:08:35 ip-10-0-0-5 systemd-logind: Watching system buttons on /dev/input/event2 (Sleep Button)
Mar  4 22:08:35 ip-10-0-0-5 systemd-logind: New seat seat0.
Mar  4 22:08:35 ip-10-0-0-5 systemd: Started Login Service.
Mar  4 22:08:35 ip-10-0-0-5 systemd: Started Dump dmesg to /var/log/dmesg.
Mar  4 22:08:35 ip-10-0-0-5 systemd: Started NTP client/server.
Mar  4 22:08:35 ip-10-0-0-5 kernel: random: crng init done
Mar  4 22:08:35 ip-10-0-0-5 kernel: random: 7 urandom warning(s) missed due to ratelimiting
Mar  4 22:08:35 ip-10-0-0-5 systemd: Started GSSAPI Proxy Daemon.
Mar  4 22:08:35 ip-10-0-0-5 systemd: Reached target NFS client services.
Mar  4 22:08:35 ip-10-0-0-5 systemd: Starting NFS client services.
Mar  4 22:08:35 ip-10-0-0-5 systemd: Reached target Remote File Systems (Pre).
Mar  4 22:08:35 ip-10-0-0-5 systemd: Starting Remote File Systems (Pre).
Mar  4 22:08:35 ip-10-0-0-5 systemd: Reached target Remote File Systems.
Mar  4 22:08:35 ip-10-0-0-5 systemd: Starting Remote File Systems.
Mar  4 22:08:35 ip-10-0-0-5 cloud-init: Cloud-init v. 18.2-72.amzn2.0.6 running 'init-local' at Mon, 04 Ma
r 2019 22:08:35 +0000. Up 5.48 seconds.
Mar  4 22:08:35 ip-10-0-0-5 systemd: Started Initial cloud-init job (pre-networking).
Mar  4 22:08:35 ip-10-0-0-5 systemd: Reached target Network (Pre).
Mar  4 22:08:35 ip-10-0-0-5 systemd: Starting Network (Pre).
Mar  4 22:08:35 ip-10-0-0-5 systemd: Starting LSB: Bring up/down networking...
Mar  4 22:08:35 ip-10-0-0-5 network: Bringing up loopback interface:  [  OK  ]
Mar  4 22:08:35 ip-10-0-0-5 network: Bringing up interface eth0:
Mar  4 22:08:35 ip-10-0-0-5 dhclient[2840]: DHCPDISCOVER on eth0 to 255.255.255.255 port 67 interval 7 (xi
d=0x4ecb162d)
Mar  4 22:08:35 ip-10-0-0-5 dhclient[2840]: DHCPREQUEST on eth0 to 255.255.255.255 port 67 (xid=0x4ecb162d
)
Mar  4 22:08:35 ip-10-0-0-5 dhclient[2840]: DHCPOFFER from 10.0.0.1
Mar  4 22:08:35 ip-10-0-0-5 dhclient[2840]: DHCPACK from 10.0.0.1 (xid=0x4ecb162d)
Mar  4 22:08:35 ip-10-0-0-5 NET[2884]: /usr/sbin/dhclient-script : updated /etc/resolv.conf
Mar  4 22:08:36 ip-10-0-0-5 dhclient[2840]: bound to 10.0.0.5 -- renewal in 1657 seconds.
Mar  4 22:08:36 ip-10-0-0-5 network: Determining IP information for eth0... done.
Mar  4 22:08:36 ip-10-0-0-5 ec2net: [get_meta] Trying to get http://169.254.169.254/latest/meta-data/netwo
rk/interfaces/macs/02:7b:c1:6e:4e:50/local-ipv4s
Mar  4 22:08:36 ip-10-0-0-5 ec2net: [rewrite_aliases] Rewriting aliases of eth0
Mar  4 22:08:37 ip-10-0-0-5 network: Determining IPv6 information for eth0... done.
Mar  4 22:08:37 ip-10-0-0-5 network: [  OK  ]
Mar  4 22:08:37 ip-10-0-0-5 systemd: Started LSB: Bring up/down networking.
Mar  4 22:08:37 ip-10-0-0-5 systemd: Starting Initial cloud-init job (metadata service crawler)...
Mar  4 22:08:37 ip-10-0-0-5 systemd: Reached target Network.
Mar  4 22:08:37 ip-10-0-0-5 systemd: Starting Network.
Mar  4 22:08:37 ip-10-0-0-5 systemd: Starting Postfix Mail Transport Agent...
Mar  4 22:08:37 ip-10-0-0-5 dhclient[3016]: XMT: Solicit on eth0, interval 1030ms.
Mar  4 22:08:38 ip-10-0-0-5 cloud-init: Cloud-init v. 18.2-72.amzn2.0.6 running 'init' at Mon, 04 Mar 2019
 22:08:38 +0000. Up 7.95 seconds.
Mar  4 22:08:38 ip-10-0-0-5 cloud-init: ci-info: ++++++++++++++++++++++++++++++++++++++Net device info++++
++++++++++++++++++++++++++++++++++
Mar  4 22:08:38 ip-10-0-0-5 cloud-init: ci-info: +--------+------+----------------------------+-----------
----+--------+-------------------+
Mar  4 22:08:38 ip-10-0-0-5 cloud-init: ci-info: | Device |  Up  |          Address           |      Mask 
    | Scope  |     Hw-Address    |
Mar  4 22:08:38 ip-10-0-0-5 cloud-init: ci-info: +--------+------+----------------------------+-----------
----+--------+-------------------+
Mar  4 22:08:38 ip-10-0-0-5 cloud-init: ci-info: |  eth0  | True |          10.0.0.5          | 255.255.25
5.0 | global | 02:7b:c1:6e:4e:50 |
Mar  4 22:08:38 ip-10-0-0-5 cloud-init: ci-info: |  eth0  | True | fe80::7b:c1ff:fe6e:4e50/64 |       .   
    |  link  | 02:7b:c1:6e:4e:50 |
Mar  4 22:08:38 ip-10-0-0-5 cloud-init: ci-info: |   lo   | True |         127.0.0.1          |   255.0.0.
0   |  host  |         .         |
Mar  4 22:08:38 ip-10-0-0-5 cloud-init: ci-info: |   lo   | True |          ::1/128           |       .   
    |  host  |         .         |
Mar  4 22:08:38 ip-10-0-0-5 cloud-init: ci-info: +--------+------+----------------------------+-----------
----+--------+-------------------+
Mar  4 22:08:38 ip-10-0-0-5 cloud-init: ci-info: ++++++++++++++++++++++++++++++Route IPv4 info++++++++++++
+++++++++++++++++++
Mar  4 22:08:38 ip-10-0-0-5 cloud-init: ci-info: +-------+-----------------+----------+-----------------+-
----------+-------+
Mar  4 22:08:38 ip-10-0-0-5 cloud-init: ci-info: | Route |   Destination   | Gateway  |     Genmask     | 
Interface | Flags |
Mar  4 22:08:38 ip-10-0-0-5 cloud-init: ci-info: +-------+-----------------+----------+-----------------+-
----------+-------+
Mar  4 22:08:38 ip-10-0-0-5 cloud-init: ci-info: |   0   |     0.0.0.0     | 10.0.0.1 |     0.0.0.0     | 
   eth0   |   UG  |
Mar  4 22:08:38 ip-10-0-0-5 cloud-init: ci-info: |   1   |     10.0.0.0    | 0.0.0.0  |  255.255.255.0  | 
   eth0   |   U   |
Mar  4 22:08:38 ip-10-0-0-5 cloud-init: ci-info: |   2   | 169.254.169.254 | 0.0.0.0  | 255.255.255.255 | 
   eth0   |   UH  |
Mar  4 22:08:38 ip-10-0-0-5 cloud-init: ci-info: +-------+-----------------+----------+-----------------+-
----------+-------+
Mar  4 22:08:38 ip-10-0-0-5 cloud-init: ci-info: +++++++++++++++++++Route IPv6 info+++++++++++++++++++
Mar  4 22:08:38 ip-10-0-0-5 cloud-init: ci-info: +-------+-------------+---------+-----------+-------+
Mar  4 22:08:38 ip-10-0-0-5 cloud-init: ci-info: | Route | Destination | Gateway | Interface | Flags |
Mar  4 22:08:38 ip-10-0-0-5 cloud-init: ci-info: +-------+-------------+---------+-----------+-------+
Mar  4 22:08:38 ip-10-0-0-5 cloud-init: ci-info: |   9   |  fe80::/64  |    ::   |    eth0   |   U   |
Mar  4 22:08:38 ip-10-0-0-5 cloud-init: ci-info: |   11  |    local    |    ::   |    eth0   |   U   |
Mar  4 22:08:38 ip-10-0-0-5 cloud-init: ci-info: |   12  |   ff00::/8  |    ::   |    eth0   |   U   |
Mar  4 22:08:38 ip-10-0-0-5 cloud-init: ci-info: +-------+-------------+---------+-----------+-------+
Mar  4 22:08:38 ip-10-0-0-5 systemd: Started Postfix Mail Transport Agent.
Mar  4 22:08:39 ip-10-0-0-5 dhclient[3016]: XMT: Solicit on eth0, interval 2140ms.
Mar  4 22:08:40 ip-10-0-0-5 dbus[2676]: [system] Activating via systemd: service name='org.freedesktop.hos
tname1' unit='dbus-org.freedesktop.hostname1.service'
Mar  4 22:08:40 ip-10-0-0-5 systemd: Starting Hostname Service...
Mar  4 22:08:40 ip-10-0-0-5 dbus[2676]: [system] Successfully activated service 'org.freedesktop.hostname1
'
Mar  4 22:08:40 ip-10-0-0-5 systemd-hostnamed: Changed static host name to 'ip-10-0-0-5.testroot.local'
Mar  4 22:08:40 ip-10-0-0-5 systemd-hostnamed: Changed host name to 'ip-10-0-0-5.testroot.local'
Mar  4 22:08:40 ip-10-0-0-5 systemd: Started Hostname Service.
Mar  4 22:08:40 ip-10-0-0-5 systemd: Started Initial cloud-init job (metadata service crawler).
Mar  4 22:08:40 ip-10-0-0-5 systemd: Reached target Cloud-config availability.
Mar  4 22:08:40 ip-10-0-0-5 systemd: Starting Cloud-config availability.
Mar  4 22:08:40 ip-10-0-0-5 systemd: Starting OpenSSH Server Key Generation...
Mar  4 22:08:40 ip-10-0-0-5 systemd: Reached target Network is Online.
Mar  4 22:08:40 ip-10-0-0-5 systemd: Starting Network is Online.
Mar  4 22:08:40 ip-10-0-0-5 systemd: Starting Dynamically Generate Message Of The Day...
Mar  4 22:08:40 ip-10-0-0-5 systemd: Started amazon-ssm-agent.
Mar  4 22:08:40 ip-10-0-0-5 systemd: Starting amazon-ssm-agent...
Mar  4 22:08:40 ip-10-0-0-5 systemd: Starting System Logging Service...
Mar  4 22:08:40 ip-10-0-0-5 systemd: Starting Notify NFS peers of a restart...
Mar  4 22:08:40 ip-10-0-0-5 systemd: Starting Apply the settings specified in cloud-config...
Mar  4 22:08:40 ip-10-0-0-5 systemd: Starting Permit User Sessions...
Mar  4 22:08:40 ip-10-0-0-5 sm-notify[3205]: Version 1.3.0 starting
Mar  4 22:08:40 ip-10-0-0-5 systemd: Started Notify NFS peers of a restart.
Mar  4 22:08:40 ip-10-0-0-5 systemd: Started Permit User Sessions.
Mar  4 22:08:40 ip-10-0-0-5 rsyslogd: [origin software="rsyslogd" swVersion="8.24.0" x-pid="3204" x-info="
http://www.rsyslog.com"] start
Mar  4 22:08:40 ip-10-0-0-5 systemd: Started System Logging Service.
Mar  4 22:08:40 ip-10-0-0-5 systemd: Starting Terminate Plymouth Boot Screen...
Mar  4 22:08:40 ip-10-0-0-5 systemd: Started Command Scheduler.
Mar  4 22:08:40 ip-10-0-0-5 systemd: Starting Command Scheduler...
Mar  4 22:08:40 ip-10-0-0-5 systemd: Started Job spooling tools.
Mar  4 22:08:40 ip-10-0-0-5 systemd: Starting Job spooling tools...
Mar  4 22:08:40 ip-10-0-0-5 systemd: Starting Wait for Plymouth Boot Screen to Quit...
Mar  4 22:08:40 ip-10-0-0-5 amazon-ssm-agent: 2019/03/04 22:08:40 Failed to load instance info from vault.
 RegistrationKey does not exist.
Mar  4 22:08:40 ip-10-0-0-5 amazon-ssm-agent: Error occurred fetching the seelog config file path:  open /
etc/amazon/ssm/seelog.xml: no such file or directory
Mar  4 22:08:40 ip-10-0-0-5 amazon-ssm-agent: Initializing new seelog logger
Mar  4 22:08:40 ip-10-0-0-5 amazon-ssm-agent: New Seelog Logger Creation Complete
Mar  4 22:08:40 ip-10-0-0-5 amazon-ssm-agent: 2019-03-04 22:08:40 INFO Entering SSM Agent hibernate - NoCr
edentialProviders: no valid providers in chain. Deprecated.
Mar  4 22:08:40 ip-10-0-0-5 amazon-ssm-agent: For verbose messaging see aws.Config.CredentialsChainVerbose
Errors
Mar  4 22:08:40 ip-10-0-0-5 amazon-ssm-agent: 2019-03-04 22:08:40 INFO Agent is in hibernate mode. Reducin
g logging. Logging will be reduced to one log per backoff period
Mar  4 22:08:40 ip-10-0-0-5 sshd-keygen: Generating SSH2 RSA host key: [  OK  ]
Mar  4 22:08:40 ip-10-0-0-5 sshd-keygen: Generating SSH2 ECDSA host key: [  OK  ]
Mar  4 22:08:40 ip-10-0-0-5 systemd: Received SIGRTMIN+21 from PID 1702 (plymouthd).
Mar  4 22:08:40 ip-10-0-0-5 systemd: Started Terminate Plymouth Boot Screen.
Mar  4 22:08:40 ip-10-0-0-5 systemd: Started Wait for Plymouth Boot Screen to Quit.
Mar  4 22:08:40 ip-10-0-0-5 systemd: Started Getty on tty1.
Mar  4 22:08:40 ip-10-0-0-5 systemd: Starting Getty on tty1...
Mar  4 22:08:40 ip-10-0-0-5 systemd: Started Serial Getty on ttyS0.
Mar  4 22:08:40 ip-10-0-0-5 systemd: Starting Serial Getty on ttyS0...
Mar  4 22:08:40 ip-10-0-0-5 systemd: Reached target Login Prompts.
Mar  4 22:08:40 ip-10-0-0-5 systemd: Starting Login Prompts.
Mar  4 22:08:40 ip-10-0-0-5 sshd-keygen: Generating SSH2 ED25519 host key: [  OK  ]
Mar  4 22:08:40 ip-10-0-0-5 systemd: Started OpenSSH Server Key Generation.
Mar  4 22:08:40 ip-10-0-0-5 systemd: Starting OpenSSH server daemon...
Mar  4 22:08:41 ip-10-0-0-5 systemd: Started OpenSSH server daemon.
Mar  4 22:08:41 ip-10-0-0-5 dhclient[3016]: XMT: Solicit on eth0, interval 4280ms.
Mar  4 22:08:41 ip-10-0-0-5 chronyd[2678]: Selected source 169.254.169.123
Mar  4 22:08:41 ip-10-0-0-5 cloud-init: Cloud-init v. 18.2-72.amzn2.0.6 running 'modules:config' at Mon, 0
4 Mar 2019 22:08:41 +0000. Up 11.13 seconds.
Mar  4 22:08:41 ip-10-0-0-5 systemd: Stopping OpenSSH server daemon...
Mar  4 22:08:41 ip-10-0-0-5 systemd: Stopping OpenSSH Server Key Generation...
Mar  4 22:08:41 ip-10-0-0-5 systemd: Starting OpenSSH server daemon...
Mar  4 22:08:41 ip-10-0-0-5 systemd: Started OpenSSH server daemon.
Mar  4 22:08:42 ip-10-0-0-5 cloud-init: Loaded plugins: extras_suggestions, langpacks, priorities, update-
motd
Mar  4 22:08:42 ip-10-0-0-5 cloud-init: Existing lock /var/run/yum.pid: another copy is running as pid 329
3.
Mar  4 22:08:42 ip-10-0-0-5 cloud-init: Another app is currently holding the yum lock; waiting for it to e
xit...
Mar  4 22:08:42 ip-10-0-0-5 cloud-init: The other application is: yum
Mar  4 22:08:42 ip-10-0-0-5 cloud-init: Memory :  31 M RSS (247 MB VSZ)
Mar  4 22:08:42 ip-10-0-0-5 cloud-init: Started: Mon Mar  4 22:08:41 2019 - 00:01 ago
Mar  4 22:08:42 ip-10-0-0-5 cloud-init: State  : Running, pid: 3293
Mar  4 22:08:44 ip-10-0-0-5 cloud-init: Another app is currently holding the yum lock; waiting for it to e
xit...
Mar  4 22:08:44 ip-10-0-0-5 cloud-init: The other application is: yum
Mar  4 22:08:44 ip-10-0-0-5 cloud-init: Memory :  51 M RSS (342 MB VSZ)
Mar  4 22:08:44 ip-10-0-0-5 cloud-init: Started: Mon Mar  4 22:08:41 2019 - 00:03 ago
Mar  4 22:08:44 ip-10-0-0-5 cloud-init: State  : Running, pid: 3293
Mar  4 22:08:45 ip-10-0-0-5 dhclient[3016]: XMT: Solicit on eth0, interval 8650ms.
Mar  4 22:08:46 ip-10-0-0-5 cloud-init: Another app is currently holding the yum lock; waiting for it to e
xit...
Mar  4 22:08:46 ip-10-0-0-5 cloud-init: The other application is: yum
Mar  4 22:08:46 ip-10-0-0-5 cloud-init: Memory :  98 M RSS (389 MB VSZ)
Mar  4 22:08:46 ip-10-0-0-5 cloud-init: Started: Mon Mar  4 22:08:41 2019 - 00:05 ago
Mar  4 22:08:46 ip-10-0-0-5 cloud-init: State  : Running, pid: 3293
Mar  4 22:08:46 ip-10-0-0-5 systemd: Started Dynamically Generate Message Of The Day.
Mar  4 22:08:46 ip-10-0-0-5 systemd: Reached target Multi-User System.
Mar  4 22:08:46 ip-10-0-0-5 systemd: Starting Multi-User System.
Mar  4 22:08:46 ip-10-0-0-5 systemd: Reached target Graphical Interface.
Mar  4 22:08:46 ip-10-0-0-5 systemd: Starting Graphical Interface.
Mar  4 22:08:46 ip-10-0-0-5 systemd: Starting Update UTMP about System Runlevel Changes...
Mar  4 22:08:47 ip-10-0-0-5 systemd: Started Update UTMP about System Runlevel Changes.
Mar  4 22:08:48 ip-10-0-0-5 cloud-init: --> 1:openssl-1.0.2k-16.amzn2.0.3.x86_64 from amzn2-core removed (
updateinfo)
Mar  4 22:08:48 ip-10-0-0-5 cloud-init: --> python-urllib3-1.24.1-1.amzn2.0.1.noarch from amzn2-core remov
ed (updateinfo)
Mar  4 22:08:48 ip-10-0-0-5 cloud-init: --> amazon-linux-extras-1.6.4-1.amzn2.noarch from installed remove
d (updateinfo)
Mar  4 22:08:48 ip-10-0-0-5 cloud-init: --> python2-botocore-1.10.79-1.amzn2.1.1.noarch from installed rem
oved (updateinfo)
Mar  4 22:08:49 ip-10-0-0-5 cloud-init: --> curl-7.55.1-12.amzn2.0.7.x86_64 from installed removed (update
info)
Mar  4 22:08:49 ip-10-0-0-5 cloud-init: --> awscli-1.15.80-1.amzn2.0.1.noarch from installed removed (upda
teinfo)
Mar  4 22:08:49 ip-10-0-0-5 cloud-init: --> tzdata-2018i-1.amzn2.noarch from amzn2-core removed (updateinf
o)
Mar  4 22:08:49 ip-10-0-0-5 cloud-init: --> amazon-linux-extras-yum-plugin-1.6.7-1.amzn2.noarch from amzn2
-core removed (updateinfo)
Mar  4 22:08:49 ip-10-0-0-5 cloud-init: --> libicu-50.1.2-15.amzn2.0.2.x86_64 from installed removed (upda
teinfo)
Mar  4 22:08:49 ip-10-0-0-5 cloud-init: --> tzdata-2018e-3.amzn2.noarch from installed removed (updateinfo
)
Mar  4 22:08:49 ip-10-0-0-5 cloud-init: --> 1:openssl-1.0.2k-16.amzn2.0.1.x86_64 from installed removed (u
pdateinfo)
Mar  4 22:08:49 ip-10-0-0-5 cloud-init: --> setup-2.8.71-9.amzn2.noarch from installed removed (updateinfo
)
Mar  4 22:08:49 ip-10-0-0-5 cloud-init: --> 1:openssl-libs-1.0.2k-16.amzn2.0.1.x86_64 from installed remov
ed (updateinfo)
Mar  4 22:08:49 ip-10-0-0-5 cloud-init: --> libcurl-7.61.1-9.amzn2.0.1.x86_64 from amzn2-core removed (upd
ateinfo)
Mar  4 22:08:49 ip-10-0-0-5 cloud-init: --> xfsprogs-4.5.0-15.amzn2.x86_64 from installed removed (updatei
nfo)
Mar  4 22:08:49 ip-10-0-0-5 cloud-init: --> amazon-ssm-agent-2.3.372.0-1.amzn2.x86_64 from amzn2-core remo
ved (updateinfo)
Mar  4 22:08:49 ip-10-0-0-5 cloud-init: --> amazon-linux-extras-1.6.7-1.amzn2.noarch from amzn2-core remov
ed (updateinfo)
Mar  4 22:08:49 ip-10-0-0-5 cloud-init: --> 1:openssl-libs-1.0.2k-16.amzn2.0.3.x86_64 from amzn2-core remo
ved (updateinfo)
Mar  4 22:08:49 ip-10-0-0-5 cloud-init: --> python-urllib3-1.10.2-3.amzn2.0.1.noarch from installed remove
d (updateinfo)
Mar  4 22:08:49 ip-10-0-0-5 cloud-init: --> awscli-1.16.102-1.amzn2.0.1.noarch from amzn2-core removed (up
dateinfo)
Mar  4 22:08:49 ip-10-0-0-5 cloud-init: --> libcurl-7.55.1-12.amzn2.0.7.x86_64 from installed removed (upd
ateinfo)
Mar  4 22:08:49 ip-10-0-0-5 cloud-init: --> python2-botocore-1.12.92-1.amzn2.0.1.noarch from amzn2-core re
moved (updateinfo)
Mar  4 22:08:49 ip-10-0-0-5 cloud-init: --> curl-7.61.1-9.amzn2.0.1.x86_64 from amzn2-core removed (update
info)
Mar  4 22:08:49 ip-10-0-0-5 cloud-init: --> xfsprogs-4.5.0-18.amzn2.0.1.x86_64 from amzn2-core removed (up
dateinfo)
Mar  4 22:08:49 ip-10-0-0-5 cloud-init: --> amazon-ssm-agent-2.3.274.0-1.amzn2.x86_64 from installed remov
ed (updateinfo)
Mar  4 22:08:49 ip-10-0-0-5 cloud-init: --> amazon-linux-extras-yum-plugin-1.6.4-1.amzn2.noarch from insta
lled removed (updateinfo)
Mar  4 22:08:49 ip-10-0-0-5 cloud-init: --> setup-2.8.71-10.amzn2.noarch from amzn2-core removed (updatein
fo)
Mar  4 22:08:49 ip-10-0-0-5 cloud-init: --> libicu-50.1.2-17.amzn2.x86_64 from amzn2-core removed (updatei
nfo)
Mar  4 22:08:49 ip-10-0-0-5 cloud-init: 8 package(s) needed (+0 related) for security, out of 22 available
Mar  4 22:08:49 ip-10-0-0-5 cloud-init: Resolving Dependencies
Mar  4 22:08:49 ip-10-0-0-5 cloud-init: --> Running transaction check
Mar  4 22:08:49 ip-10-0-0-5 cloud-init: ---> Package kernel-tools.x86_64 0:4.14.88-88.76.amzn2 will be upd
ated
Mar  4 22:08:49 ip-10-0-0-5 cloud-init: ---> Package kernel-tools.x86_64 0:4.14.101-91.76.amzn2 will be an
 update
Mar  4 22:08:49 ip-10-0-0-5 cloud-init: ---> Package perl.x86_64 4:5.16.3-292.amzn2.0.2 will be updated
Mar  4 22:08:49 ip-10-0-0-5 cloud-init: ---> Package perl.x86_64 4:5.16.3-294.amzn2 will be an update
Mar  4 22:08:49 ip-10-0-0-5 cloud-init: ---> Package perl-Pod-Escapes.noarch 1:1.04-292.amzn2.0.2 will be 
updated
Mar  4 22:08:49 ip-10-0-0-5 cloud-init: ---> Package perl-Pod-Escapes.noarch 1:1.04-294.amzn2 will be an u
pdate
Mar  4 22:08:49 ip-10-0-0-5 cloud-init: ---> Package perl-libs.x86_64 4:5.16.3-292.amzn2.0.2 will be updat
ed
Mar  4 22:08:49 ip-10-0-0-5 cloud-init: ---> Package perl-libs.x86_64 4:5.16.3-294.amzn2 will be an update
